stm32l4xx_ll_gpio.h:964:22:LL_GPIO_SetOutputPin	16	static
stm32l4xx_ll_gpio.h:993:22:LL_GPIO_ResetOutputPin	16	static
tm_NRF24L01.c:24:6:NRF24_CE_Set	8	static
tm_NRF24L01.c:32:6:NRF24_CE_Reset	8	static
tm_NRF24L01.c:43:6:NRF24_TXADDR_Set	16	static
tm_NRF24L01.c:56:6:NRF24_TXADDR_Read	24	static
tm_NRF24L01.c:78:6:NRF24_RXADDR_Set	16	static
tm_NRF24L01.c:99:6:NRF24_RXADDR_Read	24	static
tm_NRF24L01.c:114:9:NRF24_STATUS_Read	16	static
tm_NRF24L01.c:130:6:NRF24_CONFIG_Set	16	static
tm_NRF24L01.c:143:9:NRF24_CONFIG_Read	16	static
tm_NRF24L01.c:157:6:NRF24_FLUSH_RX	8	static
tm_NRF24L01.c:166:6:NRF24_FLUSH_TX	8	static
tm_NRF24L01.c:176:6:NRF24_CHANNEL_Set	16	static
tm_NRF24L01.c:193:6:NRF24_RX_PAYLOAD_LENGHT_Set	16	static
tm_NRF24L01.c:205:6:NRF24_TX_PAYLOAD_Write	16	static
tm_NRF24L01.c:217:6:NRF24_REGISTER_Write	16	static
tm_NRF24L01.c:230:9:NRF24_REGISTER_Read	24	static
tm_NRF24L01.c:244:6:NRF24_PAYLOAD_Send	16	static
tm_NRF24L01.c:259:13:NRF24_GET_STATUS_FLAG	16	static
tm_NRF24L01.c:272:13:NRF24_GET_FIFOSTATUS_FLAG	16	static
tm_NRF24L01.c:286:9:NRF24_FIFOSTATUS_Read	16	static
tm_NRF24L01.c:301:13:NRF24_AVAILABLE_RXFIFO	8	static
tm_NRF24L01.c:322:6:NRF24_RX_PAYLOAD_Read	280	static
tm_NRF24L01.c:345:6:NRF24_TX_MODE_Set	8	static
tm_NRF24L01.c:353:6:NRF24_RX_MODE_Set	8	static
