stm32l4xx_ll_adc.h:3108:22:LL_ADC_REG_SetTriggerSource	16	static
stm32l4xx_ll_adc.h:3268:22:LL_ADC_REG_SetSequencerLength	16	static
stm32l4xx_ll_adc.h:3834:22:LL_ADC_INJ_SetTriggerSource	16	static
stm32l4xx_ll_adc.h:4262:22:LL_ADC_INJ_SetQueueMode	16	static
stm32l4xx_ll_adc.h:5953:22:LL_ADC_Disable	16	static
stm32l4xx_ll_adc.h:5972:26:LL_ADC_IsEnabled	16	static
stm32l4xx_ll_adc.h:5983:26:LL_ADC_IsDisableOngoing	16	static
stm32l4xx_ll_adc.h:6078:22:LL_ADC_REG_StopConversion	16	static
stm32l4xx_ll_adc.h:6094:26:LL_ADC_REG_IsConversionOngoing	16	static
stm32l4xx_ll_adc.h:6105:26:LL_ADC_REG_IsStopConversionOngoing	16	static
stm32l4xx_ll_adc.h:6261:22:LL_ADC_INJ_StopConversion	16	static
stm32l4xx_ll_adc.h:6277:26:LL_ADC_INJ_IsConversionOngoing	16	static
stm32l4xx_ll_adc.h:6288:26:LL_ADC_INJ_IsStopConversionOngoing	16	static
stm32l4xx_ll_bus.h:705:22:LL_AHB2_GRP1_ForceReset	16	static
stm32l4xx_ll_bus.h:752:22:LL_AHB2_GRP1_ReleaseReset	16	static
stm32l4xx_ll_adc.c:310:13:LL_ADC_CommonDeInit	16	static
stm32l4xx_ll_adc.c:339:13:LL_ADC_CommonInit	32	static
stm32l4xx_ll_adc.c:421:6:LL_ADC_CommonStructInit	16	static
stm32l4xx_ll_adc.c:454:13:LL_ADC_DeInit	32	static
stm32l4xx_ll_adc.c:729:13:LL_ADC_Init	24	static
stm32l4xx_ll_adc.c:774:6:LL_ADC_StructInit	16	static
stm32l4xx_ll_adc.c:816:13:LL_ADC_REG_Init	24	static
stm32l4xx_ll_adc.c:903:6:LL_ADC_REG_StructInit	16	static
stm32l4xx_ll_adc.c:949:13:LL_ADC_INJ_Init	24	static
stm32l4xx_ll_adc.c:1020:6:LL_ADC_INJ_StructInit	16	static
