Archive member included to satisfy reference by file (symbol)

c:/program files (x86)/atollic/truestudio for stm32 9.3.0/armtools/bin/../lib/gcc/arm-atollic-eabi/6.3.1/../../../../arm-atollic-eabi/lib/armv7e-m/fpu\libc.a(lib_a-init.o)
                              startup\startup_stm32l412xx.o (__libc_init_array)
c:/program files (x86)/atollic/truestudio for stm32 9.3.0/armtools/bin/../lib/gcc/arm-atollic-eabi/6.3.1/../../../../arm-atollic-eabi/lib/armv7e-m/fpu\libc.a(lib_a-strlen.o)
                              TM-API\src\tm_USART.o (strlen)
c:/program files (x86)/atollic/truestudio for stm32 9.3.0/armtools/bin/../lib/gcc/arm-atollic-eabi/6.3.1/armv7e-m/fpu\libgcc.a(_aeabi_uldivmod.o)
                              Drivers\STM32L4xx_HAL_Driver\Src\stm32l4xx_hal_uart.o (__aeabi_uldivmod)
c:/program files (x86)/atollic/truestudio for stm32 9.3.0/armtools/bin/../lib/gcc/arm-atollic-eabi/6.3.1/armv7e-m/fpu\libgcc.a(_udivmoddi4.o)
                              c:/program files (x86)/atollic/truestudio for stm32 9.3.0/armtools/bin/../lib/gcc/arm-atollic-eabi/6.3.1/armv7e-m/fpu\libgcc.a(_aeabi_uldivmod.o) (__udivmoddi4)
c:/program files (x86)/atollic/truestudio for stm32 9.3.0/armtools/bin/../lib/gcc/arm-atollic-eabi/6.3.1/armv7e-m/fpu\libgcc.a(_dvmd_tls.o)
                              c:/program files (x86)/atollic/truestudio for stm32 9.3.0/armtools/bin/../lib/gcc/arm-atollic-eabi/6.3.1/armv7e-m/fpu\libgcc.a(_aeabi_uldivmod.o) (__aeabi_ldiv0)

Allocating common symbols
Common symbol       size              file

uwTick              0x4               Drivers\STM32L4xx_HAL_Driver\Src\stm32l4xx_hal.o
FifoStatus_Reg      0x1               TM-API\src\tm_NRF24L01.o
Status_Reg          0x1               TM-API\src\tm_NRF24L01.o
TimHandle           0x40              Drivers\STM32L4xx_HAL_Driver\Src\stm32l4xx_hal_timebase_tim_template.o

Discarded input sections

 .text          0x00000000        0x0 c:/program files (x86)/atollic/truestudio for stm32 9.3.0/armtools/bin/../lib/gcc/arm-atollic-eabi/6.3.1/armv7e-m/fpu/crti.o
 .data          0x00000000        0x0 c:/program files (x86)/atollic/truestudio for stm32 9.3.0/armtools/bin/../lib/gcc/arm-atollic-eabi/6.3.1/armv7e-m/fpu/crti.o
 .bss           0x00000000        0x0 c:/program files (x86)/atollic/truestudio for stm32 9.3.0/armtools/bin/../lib/gcc/arm-atollic-eabi/6.3.1/armv7e-m/fpu/crti.o
 .data          0x00000000        0x4 c:/program files (x86)/atollic/truestudio for stm32 9.3.0/armtools/bin/../lib/gcc/arm-atollic-eabi/6.3.1/armv7e-m/fpu/crtbegin.o
 .text          0x00000000        0x0 Drivers\STM32L4xx_HAL_Driver\Src\Legacy\stm32l4xx_hal_can.o
 .data          0x00000000        0x0 Drivers\STM32L4xx_HAL_Driver\Src\Legacy\stm32l4xx_hal_can.o
 .bss           0x00000000        0x0 Drivers\STM32L4xx_HAL_Driver\Src\Legacy\stm32l4xx_hal_can.o
 .debug_info    0x00000000      0x277 Drivers\STM32L4xx_HAL_Driver\Src\Legacy\stm32l4xx_hal_can.o
 .debug_abbrev  0x00000000       0xa9 Drivers\STM32L4xx_HAL_Driver\Src\Legacy\stm32l4xx_hal_can.o
 .debug_aranges
                0x00000000       0x18 Drivers\STM32L4xx_HAL_Driver\Src\Legacy\stm32l4xx_hal_can.o
 .debug_line    0x00000000      0x2ed Drivers\STM32L4xx_HAL_Driver\Src\Legacy\stm32l4xx_hal_can.o
 .debug_str     0x00000000      0x438 Drivers\STM32L4xx_HAL_Driver\Src\Legacy\stm32l4xx_hal_can.o
 .comment       0x00000000       0x7d Drivers\STM32L4xx_HAL_Driver\Src\Legacy\stm32l4xx_hal_can.o
 .ARM.attributes
                0x00000000       0x39 Drivers\STM32L4xx_HAL_Driver\Src\Legacy\stm32l4xx_hal_can.o
 .text          0x00000000        0x0 Drivers\STM32L4xx_HAL_Driver\Src\stm32l4xx_hal.o
 .data          0x00000000        0x0 Drivers\STM32L4xx_HAL_Driver\Src\stm32l4xx_hal.o
 .bss           0x00000000        0x0 Drivers\STM32L4xx_HAL_Driver\Src\stm32l4xx_hal.o
 .data.uwTickPrio
                0x00000000        0x4 Drivers\STM32L4xx_HAL_Driver\Src\stm32l4xx_hal.o
 .text.HAL_Init
                0x00000000       0x30 Drivers\STM32L4xx_HAL_Driver\Src\stm32l4xx_hal.o
 .text.HAL_DeInit
                0x00000000       0x58 Drivers\STM32L4xx_HAL_Driver\Src\stm32l4xx_hal.o
 .text.HAL_MspInit
                0x00000000        0xe Drivers\STM32L4xx_HAL_Driver\Src\stm32l4xx_hal.o
 .text.HAL_MspDeInit
                0x00000000        0xe Drivers\STM32L4xx_HAL_Driver\Src\stm32l4xx_hal.o
 .text.HAL_InitTick
                0x00000000       0x74 Drivers\STM32L4xx_HAL_Driver\Src\stm32l4xx_hal.o
 .text.HAL_GetTick
                0x00000000       0x18 Drivers\STM32L4xx_HAL_Driver\Src\stm32l4xx_hal.o
 .text.HAL_GetTickPrio
                0x00000000       0x18 Drivers\STM32L4xx_HAL_Driver\Src\stm32l4xx_hal.o
 .text.HAL_SetTickFreq
                0x00000000       0x44 Drivers\STM32L4xx_HAL_Driver\Src\stm32l4xx_hal.o
 .text.HAL_GetTickFreq
                0x00000000       0x18 Drivers\STM32L4xx_HAL_Driver\Src\stm32l4xx_hal.o
 .text.HAL_Delay
                0x00000000       0x44 Drivers\STM32L4xx_HAL_Driver\Src\stm32l4xx_hal.o
[...]
Memory Configuration

Name             Origin             Length             Attributes
FLASH            0x08000000         0x00020000         xr
RAM              0x20000000         0x00008000         xrw
RAM2             0x10000000         0x00002000         rw
MEMORY_B1        0x60000000         0x00000000         xr
*default*        0x00000000         0xffffffff

Linker script and memory map

LOAD c:/program files (x86)/atollic/truestudio for stm32 9.3.0/armtools/bin/../lib/gcc/arm-atollic-eabi/6.3.1/armv7e-m/fpu/crti.o
LOAD c:/program files (x86)/atollic/truestudio for stm32 9.3.0/armtools/bin/../lib/gcc/arm-atollic-eabi/6.3.1/armv7e-m/fpu/crtbegin.o
LOAD Drivers\STM32L4xx_HAL_Driver\Src\Legacy\stm32l4xx_hal_can.o
LOAD Drivers\STM32L4xx_HAL_Driver\Src\stm32l4xx_hal.o
LOAD Drivers\STM32L4xx_HAL_Driver\Src\stm32l4xx_hal_adc.o
LOAD Drivers\STM32L4xx_HAL_Driver\Src\stm32l4xx_hal_adc_ex.o
LOAD Drivers\STM32L4xx_HAL_Driver\Src\stm32l4xx_hal_can.o
LOAD Drivers\STM32L4xx_HAL_Driver\Src\stm32l4xx_hal_comp.o
LOAD Drivers\STM32L4xx_HAL_Driver\Src\stm32l4xx_hal_cortex.o
LOAD Drivers\STM32L4xx_HAL_Driver\Src\stm32l4xx_hal_crc.o
LOAD Drivers\STM32L4xx_HAL_Driver\Src\stm32l4xx_hal_crc_ex.o
LOAD Drivers\STM32L4xx_HAL_Driver\Src\stm32l4xx_hal_cryp.o
LOAD Drivers\STM32L4xx_HAL_Driver\Src\stm32l4xx_hal_cryp_ex.o
LOAD Drivers\STM32L4xx_HAL_Driver\Src\stm32l4xx_hal_dac.o
LOAD Drivers\STM32L4xx_HAL_Driver\Src\stm32l4xx_hal_dac_ex.o
LOAD Drivers\STM32L4xx_HAL_Driver\Src\stm32l4xx_hal_dcmi.o
LOAD Drivers\STM32L4xx_HAL_Driver\Src\stm32l4xx_hal_dfsdm.o
LOAD Drivers\STM32L4xx_HAL_Driver\Src\stm32l4xx_hal_dfsdm_ex.o
LOAD Drivers\STM32L4xx_HAL_Driver\Src\stm32l4xx_hal_dma.o
LOAD Drivers\STM32L4xx_HAL_Driver\Src\stm32l4xx_hal_dma2d.o
LOAD Drivers\STM32L4xx_HAL_Driver\Src\stm32l4xx_hal_dma_ex.o
LOAD Drivers\STM32L4xx_HAL_Driver\Src\stm32l4xx_hal_dsi.o
LOAD Drivers\STM32L4xx_HAL_Driver\Src\stm32l4xx_hal_exti.o
LOAD Drivers\STM32L4xx_HAL_Driver\Src\stm32l4xx_hal_firewall.o
LOAD Drivers\STM32L4xx_HAL_Driver\Src\stm32l4xx_hal_flash.o
LOAD Drivers\STM32L4xx_HAL_Driver\Src\stm32l4xx_hal_flash_ex.o
LOAD Drivers\STM32L4xx_HAL_Driver\Src\stm32l4xx_hal_flash_ramfunc.o
LOAD Drivers\STM32L4xx_HAL_Driver\Src\stm32l4xx_hal_gfxmmu.o
LOAD Drivers\STM32L4xx_HAL_Driver\Src\stm32l4xx_hal_gpio.o
LOAD Drivers\STM32L4xx_HAL_Driver\Src\stm32l4xx_hal_hash.o
LOAD Drivers\STM32L4xx_HAL_Driver\Src\stm32l4xx_hal_hash_ex.o
LOAD Drivers\STM32L4xx_HAL_Driver\Src\stm32l4xx_hal_hcd.o
LOAD Drivers\STM32L4xx_HAL_Driver\Src\stm32l4xx_hal_i2c.o
LOAD Drivers\STM32L4xx_HAL_Driver\Src\stm32l4xx_hal_i2c_ex.o
LOAD Drivers\STM32L4xx_HAL_Driver\Src\stm32l4xx_hal_irda.o
LOAD Drivers\STM32L4xx_HAL_Driver\Src\stm32l4xx_hal_iwdg.o
LOAD Drivers\STM32L4xx_HAL_Driver\Src\stm32l4xx_hal_lcd.o
LOAD Drivers\STM32L4xx_HAL_Driver\Src\stm32l4xx_hal_lptim.o
LOAD Drivers\STM32L4xx_HAL_Driver\Src\stm32l4xx_hal_ltdc.o
LOAD Drivers\STM32L4xx_HAL_Driver\Src\stm32l4xx_hal_ltdc_ex.o
LOAD Drivers\STM32L4xx_HAL_Driver\Src\stm32l4xx_hal_mmc.o
LOAD Drivers\STM32L4xx_HAL_Driver\Src\stm32l4xx_hal_mmc_ex.o
LOAD Drivers\STM32L4xx_HAL_Driver\Src\stm32l4xx_hal_msp_template.o
LOAD Drivers\STM32L4xx_HAL_Driver\Src\stm32l4xx_hal_nand.o
LOAD Drivers\STM32L4xx_HAL_Driver\Src\stm32l4xx_hal_nor.o
LOAD Drivers\STM32L4xx_HAL_Driver\Src\stm32l4xx_hal_opamp.o
LOAD Drivers\STM32L4xx_HAL_Driver\Src\stm32l4xx_hal_opamp_ex.o
LOAD Drivers\STM32L4xx_HAL_Driver\Src\stm32l4xx_hal_ospi.o
LOAD Drivers\STM32L4xx_HAL_Driver\Src\stm32l4xx_hal_pcd.o
LOAD Drivers\STM32L4xx_HAL_Driver\Src\stm32l4xx_hal_pcd_ex.o
LOAD Drivers\STM32L4xx_HAL_Driver\Src\stm32l4xx_hal_pwr.o
LOAD Drivers\STM32L4xx_HAL_Driver\Src\stm32l4xx_hal_pwr_ex.o
LOAD Drivers\STM32L4xx_HAL_Driver\Src\stm32l4xx_hal_qspi.o
LOAD Drivers\STM32L4xx_HAL_Driver\Src\stm32l4xx_hal_rcc.o
LOAD Drivers\STM32L4xx_HAL_Driver\Src\stm32l4xx_hal_rcc_ex.o
LOAD Drivers\STM32L4xx_HAL_Driver\Src\stm32l4xx_hal_rng.o
LOAD Drivers\STM32L4xx_HAL_Driver\Src\stm32l4xx_hal_rtc.o
LOAD Drivers\STM32L4xx_HAL_Driver\Src\stm32l4xx_hal_rtc_ex.o
LOAD Drivers\STM32L4xx_HAL_Driver\Src\stm32l4xx_hal_sai.o
LOAD Drivers\STM32L4xx_HAL_Driver\Src\stm32l4xx_hal_sai_ex.o
LOAD Drivers\STM32L4xx_HAL_Driver\Src\stm32l4xx_hal_sd.o
LOAD Drivers\STM32L4xx_HAL_Driver\Src\stm32l4xx_hal_sd_ex.o
LOAD Drivers\STM32L4xx_HAL_Driver\Src\stm32l4xx_hal_smartcard.o
LOAD Drivers\STM32L4xx_HAL_Driver\Src\stm32l4xx_hal_smartcard_ex.o
LOAD Drivers\STM32L4xx_HAL_Driver\Src\stm32l4xx_hal_smbus.o
LOAD Drivers\STM32L4xx_HAL_Driver\Src\stm32l4xx_hal_spi.o
LOAD Drivers\STM32L4xx_HAL_Driver\Src\stm32l4xx_hal_spi_ex.o
LOAD Drivers\STM32L4xx_HAL_Driver\Src\stm32l4xx_hal_sram.o
LOAD Drivers\STM32L4xx_HAL_Driver\Src\stm32l4xx_hal_swpmi.o
LOAD Drivers\STM32L4xx_HAL_Driver\Src\stm32l4xx_hal_tim.o
LOAD Drivers\STM32L4xx_HAL_Driver\Src\stm32l4xx_hal_tim_ex.o
LOAD Drivers\STM32L4xx_HAL_Driver\Src\stm32l4xx_hal_timebase_tim_template.o
LOAD Drivers\STM32L4xx_HAL_Driver\Src\stm32l4xx_hal_tsc.o
LOAD Drivers\STM32L4xx_HAL_Driver\Src\stm32l4xx_hal_uart.o
LOAD Drivers\STM32L4xx_HAL_Driver\Src\stm32l4xx_hal_uart_ex.o
LOAD Drivers\STM32L4xx_HAL_Driver\Src\stm32l4xx_hal_usart.o
LOAD Drivers\STM32L4xx_HAL_Driver\Src\stm32l4xx_hal_usart_ex.o
LOAD Drivers\STM32L4xx_HAL_Driver\Src\stm32l4xx_hal_wwdg.o
LOAD Drivers\STM32L4xx_HAL_Driver\Src\stm32l4xx_ll_adc.o
LOAD Drivers\STM32L4xx_HAL_Driver\Src\stm32l4xx_ll_comp.o
LOAD Drivers\STM32L4xx_HAL_Driver\Src\stm32l4xx_ll_crc.o
LOAD Drivers\STM32L4xx_HAL_Driver\Src\stm32l4xx_ll_crs.o
LOAD Drivers\STM32L4xx_HAL_Driver\Src\stm32l4xx_ll_dac.o
LOAD Drivers\STM32L4xx_HAL_Driver\Src\stm32l4xx_ll_dma.o
LOAD Drivers\STM32L4xx_HAL_Driver\Src\stm32l4xx_ll_dma2d.o
LOAD Drivers\STM32L4xx_HAL_Driver\Src\stm32l4xx_ll_exti.o
LOAD Drivers\STM32L4xx_HAL_Driver\Src\stm32l4xx_ll_fmc.o
LOAD Drivers\STM32L4xx_HAL_Driver\Src\stm32l4xx_ll_gpio.o
LOAD Drivers\STM32L4xx_HAL_Driver\Src\stm32l4xx_ll_i2c.o
LOAD Drivers\STM32L4xx_HAL_Driver\Src\stm32l4xx_ll_lptim.o
LOAD Drivers\STM32L4xx_HAL_Driver\Src\stm32l4xx_ll_lpuart.o
LOAD Drivers\STM32L4xx_HAL_Driver\Src\stm32l4xx_ll_opamp.o
LOAD Drivers\STM32L4xx_HAL_Driver\Src\stm32l4xx_ll_pwr.o
LOAD Drivers\STM32L4xx_HAL_Driver\Src\stm32l4xx_ll_rcc.o
LOAD Drivers\STM32L4xx_HAL_Driver\Src\stm32l4xx_ll_rng.o
LOAD Drivers\STM32L4xx_HAL_Driver\Src\stm32l4xx_ll_rtc.o
LOAD Drivers\STM32L4xx_HAL_Driver\Src\stm32l4xx_ll_sdmmc.o
LOAD Drivers\STM32L4xx_HAL_Driver\Src\stm32l4xx_ll_spi.o
LOAD Drivers\STM32L4xx_HAL_Driver\Src\stm32l4xx_ll_swpmi.o
LOAD Drivers\STM32L4xx_HAL_Driver\Src\stm32l4xx_ll_tim.o
LOAD Drivers\STM32L4xx_HAL_Driver\Src\stm32l4xx_ll_usart.o
LOAD Drivers\STM32L4xx_HAL_Driver\Src\stm32l4xx_ll_usb.o
LOAD Drivers\STM32L4xx_HAL_Driver\Src\stm32l4xx_ll_utils.o
LOAD TM-API\src\tm_I2C.o
LOAD TM-API\src\tm_NRF24L01.o
LOAD TM-API\src\tm_SPI.o
LOAD TM-API\src\tm_SYS.o
LOAD TM-API\src\tm_USART.o
LOAD src\Periph_Init.o
LOAD src\main.o
LOAD src\stm32l4xx_it.o
LOAD src\system_stm32l4xx.o
LOAD startup\startup_stm32l412xx.o
                0x00000080                malloc_getpagesize_P = 0x80
START GROUP
LOAD c:/program files (x86)/atollic/truestudio for stm32 9.3.0/armtools/bin/../lib/gcc/arm-atollic-eabi/6.3.1/../../../../arm-atollic-eabi/lib/armv7e-m/fpu\libc.a
LOAD c:/program files (x86)/atollic/truestudio for stm32 9.3.0/armtools/bin/../lib/gcc/arm-atollic-eabi/6.3.1/../../../../arm-atollic-eabi/lib/armv7e-m/fpu\libm.a
END GROUP
START GROUP
LOAD c:/program files (x86)/atollic/truestudio for stm32 9.3.0/armtools/bin/../lib/gcc/arm-atollic-eabi/6.3.1/armv7e-m/fpu\libgcc.a
LOAD c:/program files (x86)/atollic/truestudio for stm32 9.3.0/armtools/bin/../lib/gcc/arm-atollic-eabi/6.3.1/../../../../arm-atollic-eabi/lib/armv7e-m/fpu\libc.a
END GROUP
START GROUP
LOAD c:/program files (x86)/atollic/truestudio for stm32 9.3.0/armtools/bin/../lib/gcc/arm-atollic-eabi/6.3.1/armv7e-m/fpu\libgcc.a
LOAD c:/program files (x86)/atollic/truestudio for stm32 9.3.0/armtools/bin/../lib/gcc/arm-atollic-eabi/6.3.1/../../../../arm-atollic-eabi/lib/armv7e-m/fpu\libc.a
LOAD c:/program files (x86)/atollic/truestudio for stm32 9.3.0/armtools/bin/../lib/gcc/arm-atollic-eabi/6.3.1/../../../../arm-atollic-eabi/lib/armv7e-m/fpu\libnosys.a
END GROUP
LOAD c:/program files (x86)/atollic/truestudio for stm32 9.3.0/armtools/bin/../lib/gcc/arm-atollic-eabi/6.3.1/armv7e-m/fpu/crtend.o
LOAD c:/program files (x86)/atollic/truestudio for stm32 9.3.0/armtools/bin/../lib/gcc/arm-atollic-eabi/6.3.1/armv7e-m/fpu/crtn.o
                0x20008000                _estack = 0x20008000
                0x00000000                _Min_Heap_Size = 0x0
                0x00000100                _Min_Stack_Size = 0x100

.isr_vector     0x08000000      0x18c
                0x08000000                . = ALIGN (0x4)
 *(.isr_vector)
 .isr_vector    0x08000000      0x18c startup\startup_stm32l412xx.o
                0x08000000                g_pfnVectors
                0x0800018c                . = ALIGN (0x4)

.text           0x0800018c      0x4f4
                0x0800018c                . = ALIGN (0x4)
 *(.text)
 .text          0x0800018c       0x40 c:/program files (x86)/atollic/truestudio for stm32 9.3.0/armtools/bin/../lib/gcc/arm-atollic-eabi/6.3.1/armv7e-m/fpu/crtbegin.o
 *(.text*)
 .text.HAL_IncTick
                0x080001cc       0x24 Drivers\STM32L4xx_HAL_Driver\Src\stm32l4xx_hal.o
                0x080001cc                HAL_IncTick
 .text.HAL_TIM_IRQHandler
                0x080001f0      0x23e Drivers\STM32L4xx_HAL_Driver\Src\stm32l4xx_hal_tim.o
                0x080001f0                HAL_TIM_IRQHandler
 .text.HAL_TIM_OC_DelayElapsedCallback
                0x0800042e       0x14 Drivers\STM32L4xx_HAL_Driver\Src\stm32l4xx_hal_tim.o
                0x0800042e                HAL_TIM_OC_DelayElapsedCallback
 .text.HAL_TIM_IC_CaptureCallback
                0x08000442       0x14 Drivers\STM32L4xx_HAL_Driver\Src\stm32l4xx_hal_tim.o
                0x08000442                HAL_TIM_IC_CaptureCallback
 .text.HAL_TIM_PWM_PulseFinishedCallback
                0x08000456       0x14 Drivers\STM32L4xx_HAL_Driver\Src\stm32l4xx_hal_tim.o
                0x08000456                HAL_TIM_PWM_PulseFinishedCallback
 .text.HAL_TIM_TriggerCallback
                0x0800046a       0x14 Drivers\STM32L4xx_HAL_Driver\Src\stm32l4xx_hal_tim.o
                0x0800046a                HAL_TIM_TriggerCallback
 .text.HAL_TIMEx_CommutCallback
                0x0800047e       0x14 Drivers\STM32L4xx_HAL_Driver\Src\stm32l4xx_hal_tim_ex.o
                0x0800047e                HAL_TIMEx_CommutCallback
 .text.HAL_TIMEx_BreakCallback
                0x08000492       0x14 Drivers\STM32L4xx_HAL_Driver\Src\stm32l4xx_hal_tim_ex.o
                0x08000492                HAL_TIMEx_BreakCallback
 .text.HAL_TIMEx_Break2Callback
                0x080004a6       0x14 Drivers\STM32L4xx_HAL_Driver\Src\stm32l4xx_hal_tim_ex.o
                0x080004a6                HAL_TIMEx_Break2Callback
 .text.HAL_TIM_PeriodElapsedCallback
                0x080004ba       0x14 Drivers\STM32L4xx_HAL_Driver\Src\stm32l4xx_hal_timebase_tim_template.o
                0x080004ba                HAL_TIM_PeriodElapsedCallback
 *fill*         0x080004ce        0x2 
 .text.TIM6_IRQHandler
                0x080004d0       0x14 Drivers\STM32L4xx_HAL_Driver\Src\stm32l4xx_hal_timebase_tim_template.o
                0x080004d0                TIM6_IRQHandler
 .text.LL_GPIO_GetPinOutputType
                0x080004e4       0x34 src\main.o
 .text.main     0x08000518       0x10 src\main.o
                0x08000518                main
 .text.SysTick_Handler
                0x08000528        0xe src\stm32l4xx_it.o
                0x08000528                SysTick_Handler
 .text.EXTI9_5_IRQHandler
                0x08000536        0xe src\stm32l4xx_it.o
                0x08000536                EXTI9_5_IRQHandler
 .text.USART2_IRQHandler
                0x08000544        0xe src\stm32l4xx_it.o
                0x08000544                USART2_IRQHandler
 .text.USART1_IRQHandler
                0x08000552        0xe src\stm32l4xx_it.o
                0x08000552                USART1_IRQHandler
 .text.SystemInit
                0x08000560       0x6c src\system_stm32l4xx.o
                0x08000560                SystemInit
 .text.Reset_Handler
                0x080005cc       0x50 startup\startup_stm32l412xx.o
                0x080005cc                Reset_Handler
 .text.Default_Handler
                0x0800061c        0x2 startup\startup_stm32l412xx.o
                0x0800061c                RTC_Alarm_IRQHandler
                0x0800061c                EXTI2_IRQHandler
                0x0800061c                DebugMon_Handler
                0x0800061c                TIM1_CC_IRQHandler
                0x0800061c                TSC_IRQHandler
                0x0800061c                HardFault_Handler
                0x0800061c                TAMP_STAMP_IRQHandler
                0x0800061c                PendSV_Handler
                0x0800061c                NMI_Handler
                0x0800061c                EXTI3_IRQHandler
                0x0800061c                LPTIM2_IRQHandler
                0x0800061c                I2C3_ER_IRQHandler
                0x0800061c                EXTI0_IRQHandler
                0x0800061c                I2C2_EV_IRQHandler
                0x0800061c                FPU_IRQHandler
                0x0800061c                TIM1_UP_TIM16_IRQHandler
                0x0800061c                UsageFault_Handler
                0x0800061c                ADC1_2_IRQHandler
                0x0800061c                SPI1_IRQHandler
                0x0800061c                DMA2_Channel2_IRQHandler
                0x0800061c                DMA1_Channel4_IRQHandler
                0x0800061c                USART3_IRQHandler
                0x0800061c                DMA1_Channel7_IRQHandler
                0x0800061c                DMA2_Channel1_IRQHandler
                0x0800061c                QUADSPI_IRQHandler
                0x0800061c                I2C1_EV_IRQHandler
                0x0800061c                DMA1_Channel6_IRQHandler
                0x0800061c                DMA2_Channel4_IRQHandler
                0x0800061c                RCC_IRQHandler
                0x0800061c                TIM1_TRG_COM_IRQHandler
                0x0800061c                DMA1_Channel1_IRQHandler
                0x0800061c                Default_Handler
                0x0800061c                DMA2_Channel7_IRQHandler
                0x0800061c                EXTI15_10_IRQHandler
                0x0800061c                I2C3_EV_IRQHandler
                0x0800061c                RTC_WKUP_IRQHandler
                0x0800061c                PVD_PVM_IRQHandler
                0x0800061c                SPI2_IRQHandler
                0x0800061c                MemManage_Handler
                0x0800061c                SVC_Handler
                0x0800061c                DMA2_Channel5_IRQHandler
                0x0800061c                CRS_IRQHandler
                0x0800061c                DMA1_Channel5_IRQHandler
                0x0800061c                EXTI4_IRQHandler
                0x0800061c                RNG_IRQHandler
                0x0800061c                DMA1_Channel3_IRQHandler
                0x0800061c                COMP_IRQHandler
                0x0800061c                WWDG_IRQHandler
                0x0800061c                LPUART1_IRQHandler
                0x0800061c                DMA2_Channel6_IRQHandler
                0x0800061c                TIM2_IRQHandler
                0x0800061c                EXTI1_IRQHandler
                0x0800061c                I2C2_ER_IRQHandler
                0x0800061c                DMA1_Channel2_IRQHandler
                0x0800061c                FLASH_IRQHandler
                0x0800061c                BusFault_Handler
                0x0800061c                I2C1_ER_IRQHandler
                0x0800061c                LPTIM1_IRQHandler
                0x0800061c                DMA2_Channel3_IRQHandler
                0x0800061c                TIM1_BRK_TIM15_IRQHandler
 *fill*         0x0800061e        0x2 
 .text.__libc_init_array
                0x08000620       0x48 c:/program files (x86)/atollic/truestudio for stm32 9.3.0/armtools/bin/../lib/gcc/arm-atollic-eabi/6.3.1/../../../../arm-atollic-eabi/lib/armv7e-m/fpu\libc.a(lib_a-init.o)
                0x08000620                __libc_init_array
 *(.glue_7)
 .glue_7        0x08000668        0x0 linker stubs
 *(.glue_7t)
 .glue_7t       0x08000668        0x0 linker stubs
 *(.eh_frame)
 .eh_frame      0x08000668        0x0 c:/program files (x86)/atollic/truestudio for stm32 9.3.0/armtools/bin/../lib/gcc/arm-atollic-eabi/6.3.1/armv7e-m/fpu/crtbegin.o
 *(.init)
 .init          0x08000668        0x4 c:/program files (x86)/atollic/truestudio for stm32 9.3.0/armtools/bin/../lib/gcc/arm-atollic-eabi/6.3.1/armv7e-m/fpu/crti.o
                0x08000668                _init
 .init          0x0800066c        0x8 c:/program files (x86)/atollic/truestudio for stm32 9.3.0/armtools/bin/../lib/gcc/arm-atollic-eabi/6.3.1/armv7e-m/fpu/crtn.o
 *(.fini)
 .fini          0x08000674        0x4 c:/program files (x86)/atollic/truestudio for stm32 9.3.0/armtools/bin/../lib/gcc/arm-atollic-eabi/6.3.1/armv7e-m/fpu/crti.o
                0x08000674                _fini
 .fini          0x08000678        0x8 c:/program files (x86)/atollic/truestudio for stm32 9.3.0/armtools/bin/../lib/gcc/arm-atollic-eabi/6.3.1/armv7e-m/fpu/crtn.o
                0x08000680                . = ALIGN (0x4)
                0x08000680                _etext = .

.vfp11_veneer   0x08000680        0x0
 .vfp11_veneer  0x08000680        0x0 linker stubs

.v4_bx          0x08000680        0x0
 .v4_bx         0x08000680        0x0 linker stubs

.iplt           0x08000680        0x0
 .iplt          0x08000680        0x0 c:/program files (x86)/atollic/truestudio for stm32 9.3.0/armtools/bin/../lib/gcc/arm-atollic-eabi/6.3.1/armv7e-m/fpu/crtbegin.o

.rel.dyn        0x08000680        0x0
 .rel.iplt      0x08000680        0x0 c:/program files (x86)/atollic/truestudio for stm32 9.3.0/armtools/bin/../lib/gcc/arm-atollic-eabi/6.3.1/armv7e-m/fpu/crtbegin.o

.rodata         0x08000680        0x0
                0x08000680                . = ALIGN (0x4)
 *(.rodata)
 *(.rodata*)
                0x08000680                . = ALIGN (0x4)

.ARM.extab
 *(.ARM.extab* .gnu.linkonce.armextab.*)

.ARM            0x08000680        0x0
                0x08000680                __exidx_start = .
 *(.ARM.exidx*)
                0x08000680                __exidx_end = .

.preinit_array  0x08000680        0x0
                0x08000680                PROVIDE (__preinit_array_start, .)
 *(.preinit_array*)
                0x08000680                PROVIDE (__preinit_array_end, .)

.init_array     0x08000680        0x4
                0x08000680                PROVIDE (__init_array_start, .)
 *(SORT(.init_array.*))
 *(.init_array*)
 .init_array    0x08000680        0x4 c:/program files (x86)/atollic/truestudio for stm32 9.3.0/armtools/bin/../lib/gcc/arm-atollic-eabi/6.3.1/armv7e-m/fpu/crtbegin.o
                0x08000684                PROVIDE (__init_array_end, .)

.fini_array     0x08000684        0x4
                [!provide]                PROVIDE (__fini_array_start, .)
 *(SORT(.fini_array.*))
 *(.fini_array*)
 .fini_array    0x08000684        0x4 c:/program files (x86)/atollic/truestudio for stm32 9.3.0/armtools/bin/../lib/gcc/arm-atollic-eabi/6.3.1/armv7e-m/fpu/crtbegin.o
                [!provide]                PROVIDE (__fini_array_end, .)
                0x08000688                _sidata = LOADADDR (.data)

.data           0x20000000        0x4 load address 0x08000688
                0x20000000                . = ALIGN (0x4)
                0x20000000                _sdata = .
 *(.data)
 *(.data*)
 .data.uwTickFreq
                0x20000000        0x4 Drivers\STM32L4xx_HAL_Driver\Src\stm32l4xx_hal.o
                0x20000000                uwTickFreq
                0x20000004                . = ALIGN (0x4)
                0x20000004                _edata = .
                0x0800068c                _siram2 = LOADADDR (.ram2)

.igot.plt       0x20000004        0x0 load address 0x0800068c
 .igot.plt      0x20000004        0x0 c:/program files (x86)/atollic/truestudio for stm32 9.3.0/armtools/bin/../lib/gcc/arm-atollic-eabi/6.3.1/armv7e-m/fpu/crtbegin.o

.ram2           0x10000000        0x0 load address 0x0800068c
                0x10000000                . = ALIGN (0x4)
                0x10000000                _sram2 = .
 *(.ram2)
 *(.ram2*)
                0x10000000                . = ALIGN (0x4)
                0x10000000                _eram2 = .
                0x10000000                . = ALIGN (0x4)

.bss            0x20000004       0x60
                0x20000004                _sbss = .
                0x20000004                __bss_start__ = _sbss
 *(.bss)
 .bss           0x20000004       0x1c c:/program files (x86)/atollic/truestudio for stm32 9.3.0/armtools/bin/../lib/gcc/arm-atollic-eabi/6.3.1/armv7e-m/fpu/crtbegin.o
 *(.bss*)
 *(COMMON)
 COMMON         0x20000020        0x4 Drivers\STM32L4xx_HAL_Driver\Src\stm32l4xx_hal.o
                0x20000020                uwTick
 COMMON         0x20000024       0x40 Drivers\STM32L4xx_HAL_Driver\Src\stm32l4xx_hal_timebase_tim_template.o
                0x20000024                TimHandle
                0x20000064                . = ALIGN (0x4)
                0x20000064                _ebss = .
                0x20000064                __bss_end__ = _ebss

._user_heap_stack
                0x20000064      0x100
                0x20000064                . = ALIGN (0x4)
                [!provide]                PROVIDE (end, .)
                [!provide]                PROVIDE (_end, .)
                0x20000064                . = (. + _Min_Heap_Size)
                0x20000164                . = (. + _Min_Stack_Size)
 *fill*         0x20000064      0x100 
                0x20000164                . = ALIGN (0x4)

.memory_b1_text
 *(.mb1text)
 *(.mb1text*)
 *(.mb1rodata)
 *(.mb1rodata*)

/DISCARD/
 libc.a(*)
 libm.a(*)
 libgcc.a(*)

.ARM.attributes
                0x00000000       0x30
 *(.ARM.attributes)
 .ARM.attributes
                0x00000000       0x22 c:/program files (x86)/atollic/truestudio for stm32 9.3.0/armtools/bin/../lib/gcc/arm-atollic-eabi/6.3.1/armv7e-m/fpu/crti.o
 .ARM.attributes
                0x00000022       0x34 c:/program files (x86)/atollic/truestudio for stm32 9.3.0/armtools/bin/../lib/gcc/arm-atollic-eabi/6.3.1/armv7e-m/fpu/crtbegin.o
 .ARM.attributes
                0x00000056       0x39 Drivers\STM32L4xx_HAL_Driver\Src\stm32l4xx_hal.o
 .ARM.attributes
                0x0000008f       0x39 Drivers\STM32L4xx_HAL_Driver\Src\stm32l4xx_hal_tim.o
 .ARM.attributes
                0x000000c8       0x39 Drivers\STM32L4xx_HAL_Driver\Src\stm32l4xx_hal_tim_ex.o
 .ARM.attributes
                0x00000101       0x39 Drivers\STM32L4xx_HAL_Driver\Src\stm32l4xx_hal_timebase_tim_template.o
 .ARM.attributes
                0x0000013a       0x39 src\main.o
 .ARM.attributes
                0x00000173       0x39 src\stm32l4xx_it.o
 .ARM.attributes
                0x000001ac       0x39 src\system_stm32l4xx.o
 .ARM.attributes
                0x000001e5       0x21 startup\startup_stm32l412xx.o
 .ARM.attributes
                0x00000206       0x34 c:/program files (x86)/atollic/truestudio for stm32 9.3.0/armtools/bin/../lib/gcc/arm-atollic-eabi/6.3.1/../../../../arm-atollic-eabi/lib/armv7e-m/fpu\libc.a(lib_a-init.o)
 .ARM.attributes
                0x0000023a       0x22 c:/program files (x86)/atollic/truestudio for stm32 9.3.0/armtools/bin/../lib/gcc/arm-atollic-eabi/6.3.1/armv7e-m/fpu/crtn.o
OUTPUT(L4_Template_Local_Drivers.elf elf32-littlearm)

.debug_info     0x00000000     0x5f49
 .debug_info    0x00000000      0xa75 Drivers\STM32L4xx_HAL_Driver\Src\stm32l4xx_hal.o
 .debug_info    0x00000a75     0x2667 Drivers\STM32L4xx_HAL_Driver\Src\stm32l4xx_hal_tim.o
 .debug_info    0x000030dc     0x13d3 Drivers\STM32L4xx_HAL_Driver\Src\stm32l4xx_hal_tim_ex.o
 .debug_info    0x000044af      0xc46 Drivers\STM32L4xx_HAL_Driver\Src\stm32l4xx_hal_timebase_tim_template.o
 .debug_info    0x000050f5      0x3d1 src\main.o
 .debug_info    0x000054c6      0x2d4 src\stm32l4xx_it.o
 .debug_info    0x0000579a      0x702 src\system_stm32l4xx.o
 .debug_info    0x00005e9c       0xad startup\startup_stm32l412xx.o

.debug_abbrev   0x00000000      0xbb1
 .debug_abbrev  0x00000000      0x1dc Drivers\STM32L4xx_HAL_Driver\Src\stm32l4xx_hal.o
 .debug_abbrev  0x000001dc      0x229 Drivers\STM32L4xx_HAL_Driver\Src\stm32l4xx_hal_tim.o
 .debug_abbrev  0x00000405      0x217 Drivers\STM32L4xx_HAL_Driver\Src\stm32l4xx_hal_tim_ex.o
 .debug_abbrev  0x0000061c      0x1c8 Drivers\STM32L4xx_HAL_Driver\Src\stm32l4xx_hal_timebase_tim_template.o
 .debug_abbrev  0x000007e4      0x195 src\main.o
 .debug_abbrev  0x00000979       0xdb src\stm32l4xx_it.o
 .debug_abbrev  0x00000a54      0x14b src\system_stm32l4xx.o
 .debug_abbrev  0x00000b9f       0x12 startup\startup_stm32l412xx.o

.debug_aranges  0x00000000      0x720
 .debug_aranges
                0x00000000      0x108 Drivers\STM32L4xx_HAL_Driver\Src\stm32l4xx_hal.o
 .debug_aranges
                0x00000108      0x3b8 Drivers\STM32L4xx_HAL_Driver\Src\stm32l4xx_hal_tim.o
 .debug_aranges
                0x000004c0      0x168 Drivers\STM32L4xx_HAL_Driver\Src\stm32l4xx_hal_tim_ex.o
 .debug_aranges
                0x00000628       0x40 Drivers\STM32L4xx_HAL_Driver\Src\stm32l4xx_hal_timebase_tim_template.o
 .debug_aranges
                0x00000668       0x28 src\main.o
 .debug_aranges
                0x00000690       0x40 src\stm32l4xx_it.o
 .debug_aranges
                0x000006d0       0x28 src\system_stm32l4xx.o
 .debug_aranges
                0x000006f8       0x28 startup\startup_stm32l412xx.o

.debug_ranges   0x00000000      0x6a8
 .debug_ranges  0x00000000       0xf8 Drivers\STM32L4xx_HAL_Driver\Src\stm32l4xx_hal.o
 .debug_ranges  0x000000f8      0x3a8 Drivers\STM32L4xx_HAL_Driver\Src\stm32l4xx_hal_tim.o
 .debug_ranges  0x000004a0      0x158 Drivers\STM32L4xx_HAL_Driver\Src\stm32l4xx_hal_tim_ex.o
 .debug_ranges  0x000005f8       0x30 Drivers\STM32L4xx_HAL_Driver\Src\stm32l4xx_hal_timebase_tim_template.o
 .debug_ranges  0x00000628       0x18 src\main.o
 .debug_ranges  0x00000640       0x30 src\stm32l4xx_it.o
 .debug_ranges  0x00000670       0x18 src\system_stm32l4xx.o
 .debug_ranges  0x00000688       0x20 startup\startup_stm32l412xx.o

.debug_line     0x00000000     0x3578
 .debug_line    0x00000000      0x57c Drivers\STM32L4xx_HAL_Driver\Src\stm32l4xx_hal.o
 .debug_line    0x0000057c     0x16da Drivers\STM32L4xx_HAL_Driver\Src\stm32l4xx_hal_tim.o
 .debug_line    0x00001c56      0xa6d Drivers\STM32L4xx_HAL_Driver\Src\stm32l4xx_hal_tim_ex.o
 .debug_line    0x000026c3      0x401 Drivers\STM32L4xx_HAL_Driver\Src\stm32l4xx_hal_timebase_tim_template.o
 .debug_line    0x00002ac4      0x36d src\main.o
 .debug_line    0x00002e31      0x356 src\stm32l4xx_it.o
 .debug_line    0x00003187      0x373 src\system_stm32l4xx.o
 .debug_line    0x000034fa       0x7e startup\startup_stm32l412xx.o

.debug_str      0x00000000     0x26e9
 .debug_str     0x00000000      0xbe6 Drivers\STM32L4xx_HAL_Driver\Src\stm32l4xx_hal.o
                                0xc5a (size before relaxing)
 .debug_str     0x00000be6     0x11ce Drivers\STM32L4xx_HAL_Driver\Src\stm32l4xx_hal_tim.o
                               0x168f (size before relaxing)
 .debug_str     0x00001db4      0x6a3 Drivers\STM32L4xx_HAL_Driver\Src\stm32l4xx_hal_tim_ex.o
                                0xfb0 (size before relaxing)
 .debug_str     0x00002457       0xfa Drivers\STM32L4xx_HAL_Driver\Src\stm32l4xx_hal_timebase_tim_template.o
                                0xe35 (size before relaxing)
 .debug_str     0x00002551       0x78 src\main.o
                                0x471 (size before relaxing)
 .debug_str     0x000025c9       0x6d src\stm32l4xx_it.o
                                0x466 (size before relaxing)
 .debug_str     0x00002636       0xb3 src\system_stm32l4xx.o
                                0x5fc (size before relaxing)

.comment        0x00000000       0x7c
 .comment       0x00000000       0x7c Drivers\STM32L4xx_HAL_Driver\Src\stm32l4xx_hal.o
                                 0x7d (size before relaxing)
 .comment       0x0000007c       0x7d Drivers\STM32L4xx_HAL_Driver\Src\stm32l4xx_hal_tim.o
 .comment       0x0000007c       0x7d Drivers\STM32L4xx_HAL_Driver\Src\stm32l4xx_hal_tim_ex.o
 .comment       0x0000007c       0x7d Drivers\STM32L4xx_HAL_Driver\Src\stm32l4xx_hal_timebase_tim_template.o
 .comment       0x0000007c       0x7d src\main.o
 .comment       0x0000007c       0x7d src\stm32l4xx_it.o
 .comment       0x0000007c       0x7d src\system_stm32l4xx.o

.debug_frame    0x00000000     0x1d98
 .debug_frame   0x00000000      0x3dc Drivers\STM32L4xx_HAL_Driver\Src\stm32l4xx_hal.o
 .debug_frame   0x000003dc     0x1148 Drivers\STM32L4xx_HAL_Driver\Src\stm32l4xx_hal_tim.o
 .debug_frame   0x00001524      0x638 Drivers\STM32L4xx_HAL_Driver\Src\stm32l4xx_hal_tim_ex.o
 .debug_frame   0x00001b5c       0xb4 Drivers\STM32L4xx_HAL_Driver\Src\stm32l4xx_hal_timebase_tim_template.o
 .debug_frame   0x00001c10       0x54 src\main.o
 .debug_frame   0x00001c64       0xb0 src\stm32l4xx_it.o
 .debug_frame   0x00001d14       0x58 src\system_stm32l4xx.o
 .debug_frame   0x00001d6c       0x2c c:/program files (x86)/atollic/truestudio for stm32 9.3.0/armtools/bin/../lib/gcc/arm-atollic-eabi/6.3.1/../../../../arm-atollic-eabi/lib/armv7e-m/fpu\libc.a(lib_a-init.o)

Cross Reference Table

Symbol                                            File
ADC1_2_IRQHandler                                 startup\startup_stm32l412xx.o
ADC_ConversionStop                                Drivers\STM32L4xx_HAL_Driver\Src\stm32l4xx_hal_adc.o
                                                  Drivers\STM32L4xx_HAL_Driver\Src\stm32l4xx_hal_adc_ex.o
ADC_DMAConvCplt                                   Drivers\STM32L4xx_HAL_Driver\Src\stm32l4xx_hal_adc.o
                                                  Drivers\STM32L4xx_HAL_Driver\Src\stm32l4xx_hal_adc_ex.o
ADC_DMAError                                      Drivers\STM32L4xx_HAL_Driver\Src\stm32l4xx_hal_adc.o
                                                  Drivers\STM32L4xx_HAL_Driver\Src\stm32l4xx_hal_adc_ex.o
ADC_DMAHalfConvCplt                               Drivers\STM32L4xx_HAL_Driver\Src\stm32l4xx_hal_adc.o
                                                  Drivers\STM32L4xx_HAL_Driver\Src\stm32l4xx_hal_adc_ex.o
ADC_Disable                                       Drivers\STM32L4xx_HAL_Driver\Src\stm32l4xx_hal_adc.o
                                                  Drivers\STM32L4xx_HAL_Driver\Src\stm32l4xx_hal_adc_ex.o
ADC_Enable                                        Drivers\STM32L4xx_HAL_Driver\Src\stm32l4xx_hal_adc.o
                                                  Drivers\STM32L4xx_HAL_Driver\Src\stm32l4xx_hal_adc_ex.o
AHBPrescTable                                     src\system_stm32l4xx.o
                                                  Drivers\STM32L4xx_HAL_Driver\Src\stm32l4xx_ll_utils.o
                                                  Drivers\STM32L4xx_HAL_Driver\Src\stm32l4xx_ll_rcc.o
                                                  Drivers\STM32L4xx_HAL_Driver\Src\stm32l4xx_hal_rcc.o
APBPrescTable                                     src\system_stm32l4xx.o
                                                  Drivers\STM32L4xx_HAL_Driver\Src\stm32l4xx_ll_rcc.o
                                                  Drivers\STM32L4xx_HAL_Driver\Src\stm32l4xx_hal_rcc.o
BusFault_Handler                                  startup\startup_stm32l412xx.o
COMP_IRQHandler                                   startup\startup_stm32l412xx.o
CRS_IRQHandler                                    startup\startup_stm32l412xx.o
DMA1_Channel1_IRQHandler                          startup\startup_stm32l412xx.o
DMA1_Channel2_IRQHandler                          startup\startup_stm32l412xx.o
DMA1_Channel3_IRQHandler                          startup\startup_stm32l412xx.o
DMA1_Channel4_IRQHandler                          startup\startup_stm32l412xx.o
DMA1_Channel5_IRQHandler                          startup\startup_stm32l412xx.o
DMA1_Channel6_IRQHandler                          startup\startup_stm32l412xx.o
DMA1_Channel7_IRQHandler                          startup\startup_stm32l412xx.o
DMA2_Channel1_IRQHandler                          startup\startup_stm32l412xx.o
DMA2_Channel2_IRQHandler                          startup\startup_stm32l412xx.o
DMA2_Channel3_IRQHandler                          startup\startup_stm32l412xx.o
DMA2_Channel4_IRQHandler                          startup\startup_stm32l412xx.o
DMA2_Channel5_IRQHandler                          startup\startup_stm32l412xx.o
DMA2_Channel6_IRQHandler                          startup\startup_stm32l412xx.o
DMA2_Channel7_IRQHandler                          startup\startup_stm32l412xx.o
DebugMon_Handler                                  startup\startup_stm32l412xx.o
Default_Handler                                   startup\startup_stm32l412xx.o
EXTI0_IRQHandler                                  startup\startup_stm32l412xx.o
EXTI15_10_IRQHandler                              startup\startup_stm32l412xx.o
EXTI1_IRQHandler                                  startup\startup_stm32l412xx.o
EXTI2_IRQHandler                                  startup\startup_stm32l412xx.o
EXTI3_IRQHandler                                  startup\startup_stm32l412xx.o
EXTI4_IRQHandler                                  startup\startup_stm32l412xx.o
EXTI9_5_IRQHandler                                src\stm32l4xx_it.o
FLASH_FlushCaches                                 Drivers\STM32L4xx_HAL_Driver\Src\stm32l4xx_hal_flash_ex.o
                                                  Drivers\STM32L4xx_HAL_Driver\Src\stm32l4xx_hal_flash.o
FLASH_IRQHandler                                  startup\startup_stm32l412xx.o
FLASH_PageErase                                   Drivers\STM32L4xx_HAL_Driver\Src\stm32l4xx_hal_flash_ex.o
                                                  Drivers\STM32L4xx_HAL_Driver\Src\stm32l4xx_hal_flash.o
FLASH_WaitForLastOperation                        Drivers\STM32L4xx_HAL_Driver\Src\stm32l4xx_hal_flash.o
                                                  Drivers\STM32L4xx_HAL_Driver\Src\stm32l4xx_hal_flash_ex.o
FPU_IRQHandler                                    startup\startup_stm32l412xx.o
FifoStatus_Reg                                    TM-API\src\tm_NRF24L01.o
HAL_ADCEx_Calibration_GetValue                    Drivers\STM32L4xx_HAL_Driver\Src\stm32l4xx_hal_adc_ex.o
HAL_ADCEx_Calibration_SetValue                    Drivers\STM32L4xx_HAL_Driver\Src\stm32l4xx_hal_adc_ex.o
HAL_ADCEx_Calibration_Start                       Drivers\STM32L4xx_HAL_Driver\Src\stm32l4xx_hal_adc_ex.o
HAL_ADCEx_DisableInjectedQueue                    Drivers\STM32L4xx_HAL_Driver\Src\stm32l4xx_hal_adc_ex.o
HAL_ADCEx_DisableVoltageRegulator                 Drivers\STM32L4xx_HAL_Driver\Src\stm32l4xx_hal_adc_ex.o
HAL_ADCEx_EnableInjectedQueue                     Drivers\STM32L4xx_HAL_Driver\Src\stm32l4xx_hal_adc_ex.o
HAL_ADCEx_EndOfSamplingCallback                   Drivers\STM32L4xx_HAL_Driver\Src\stm32l4xx_hal_adc_ex.o
                                                  Drivers\STM32L4xx_HAL_Driver\Src\stm32l4xx_hal_adc.o
HAL_ADCEx_EnterADCDeepPowerDownMode               Drivers\STM32L4xx_HAL_Driver\Src\stm32l4xx_hal_adc_ex.o
HAL_ADCEx_InjectedConfigChannel                   Drivers\STM32L4xx_HAL_Driver\Src\stm32l4xx_hal_adc_ex.o
HAL_ADCEx_InjectedConvCpltCallback                Drivers\STM32L4xx_HAL_Driver\Src\stm32l4xx_hal_adc_ex.o
                                                  Drivers\STM32L4xx_HAL_Driver\Src\stm32l4xx_hal_adc.o
HAL_ADCEx_InjectedGetValue                        Drivers\STM32L4xx_HAL_Driver\Src\stm32l4xx_hal_adc_ex.o
HAL_ADCEx_InjectedPollForConversion               Drivers\STM32L4xx_HAL_Driver\Src\stm32l4xx_hal_adc_ex.o
HAL_ADCEx_InjectedQueueOverflowCallback           Drivers\STM32L4xx_HAL_Driver\Src\stm32l4xx_hal_adc_ex.o
                                                  Drivers\STM32L4xx_HAL_Driver\Src\stm32l4xx_hal_adc.o
HAL_ADCEx_InjectedStart                           Drivers\STM32L4xx_HAL_Driver\Src\stm32l4xx_hal_adc_ex.o
HAL_ADCEx_InjectedStart_IT                        Drivers\STM32L4xx_HAL_Driver\Src\stm32l4xx_hal_adc_ex.o
HAL_ADCEx_InjectedStop                            Drivers\STM32L4xx_HAL_Driver\Src\stm32l4xx_hal_adc_ex.o
HAL_ADCEx_InjectedStop_IT                         Drivers\STM32L4xx_HAL_Driver\Src\stm32l4xx_hal_adc_ex.o
HAL_ADCEx_LevelOutOfWindow2Callback               Drivers\STM32L4xx_HAL_Driver\Src\stm32l4xx_hal_adc_ex.o
                                                  Drivers\STM32L4xx_HAL_Driver\Src\stm32l4xx_hal_adc.o
HAL_ADCEx_LevelOutOfWindow3Callback               Drivers\STM32L4xx_HAL_Driver\Src\stm32l4xx_hal_adc_ex.o
                                                  Drivers\STM32L4xx_HAL_Driver\Src\stm32l4xx_hal_adc.o
HAL_ADCEx_MultiModeConfigChannel                  Drivers\STM32L4xx_HAL_Driver\Src\stm32l4xx_hal_adc_ex.o
HAL_ADCEx_MultiModeGetValue                       Drivers\STM32L4xx_HAL_Driver\Src\stm32l4xx_hal_adc_ex.o
HAL_ADCEx_MultiModeStart_DMA                      Drivers\STM32L4xx_HAL_Driver\Src\stm32l4xx_hal_adc_ex.o
HAL_ADCEx_MultiModeStop_DMA                       Drivers\STM32L4xx_HAL_Driver\Src\stm32l4xx_hal_adc_ex.o
HAL_ADCEx_RegularMultiModeStop_DMA                Drivers\STM32L4xx_HAL_Driver\Src\stm32l4xx_hal_adc_ex.o
HAL_ADCEx_RegularStop                             Drivers\STM32L4xx_HAL_Driver\Src\stm32l4xx_hal_adc_ex.o
HAL_ADCEx_RegularStop_DMA                         Drivers\STM32L4xx_HAL_Driver\Src\stm32l4xx_hal_adc_ex.o
HAL_ADCEx_RegularStop_IT                          Drivers\STM32L4xx_HAL_Driver\Src\stm32l4xx_hal_adc_ex.o
HAL_ADC_AnalogWDGConfig                           Drivers\STM32L4xx_HAL_Driver\Src\stm32l4xx_hal_adc.o
HAL_ADC_ConfigChannel                             Drivers\STM32L4xx_HAL_Driver\Src\stm32l4xx_hal_adc.o
HAL_ADC_ConvCpltCallback                          Drivers\STM32L4xx_HAL_Driver\Src\stm32l4xx_hal_adc.o
HAL_ADC_ConvHalfCpltCallback                      Drivers\STM32L4xx_HAL_Driver\Src\stm32l4xx_hal_adc.o
HAL_ADC_DeInit                                    Drivers\STM32L4xx_HAL_Driver\Src\stm32l4xx_hal_adc.o
HAL_ADC_ErrorCallback                             Drivers\STM32L4xx_HAL_Driver\Src\stm32l4xx_hal_adc.o
HAL_ADC_GetError                                  Drivers\STM32L4xx_HAL_Driver\Src\stm32l4xx_hal_adc.o
HAL_ADC_GetState                                  Drivers\STM32L4xx_HAL_Driver\Src\stm32l4xx_hal_adc.o
HAL_ADC_GetValue                                  Drivers\STM32L4xx_HAL_Driver\Src\stm32l4xx_hal_adc.o
HAL_ADC_IRQHandler                                Drivers\STM32L4xx_HAL_Driver\Src\stm32l4xx_hal_adc.o
HAL_ADC_Init                                      Drivers\STM32L4xx_HAL_Driver\Src\stm32l4xx_hal_adc.o
HAL_ADC_LevelOutOfWindowCallback                  Drivers\STM32L4xx_HAL_Driver\Src\stm32l4xx_hal_adc.o
HAL_ADC_MspDeInit                                 Drivers\STM32L4xx_HAL_Driver\Src\stm32l4xx_hal_adc.o
HAL_ADC_MspInit                                   Drivers\STM32L4xx_HAL_Driver\Src\stm32l4xx_hal_adc.o
HAL_ADC_PollForConversion                         Drivers\STM32L4xx_HAL_Driver\Src\stm32l4xx_hal_adc.o
HAL_ADC_PollForEvent                              Drivers\STM32L4xx_HAL_Driver\Src\stm32l4xx_hal_adc.o
HAL_ADC_Start                                     Drivers\STM32L4xx_HAL_Driver\Src\stm32l4xx_hal_adc.o
HAL_ADC_Start_DMA                                 Drivers\STM32L4xx_HAL_Driver\Src\stm32l4xx_hal_adc.o
HAL_ADC_Start_IT                                  Drivers\STM32L4xx_HAL_Driver\Src\stm32l4xx_hal_adc.o
HAL_ADC_Stop                                      Drivers\STM32L4xx_HAL_Driver\Src\stm32l4xx_hal_adc.o
HAL_ADC_Stop_DMA                                  Drivers\STM32L4xx_HAL_Driver\Src\stm32l4xx_hal_adc.o
HAL_ADC_Stop_IT                                   Drivers\STM32L4xx_HAL_Driver\Src\stm32l4xx_hal_adc.o
HAL_COMP_DeInit                                   Drivers\STM32L4xx_HAL_Driver\Src\stm32l4xx_hal_comp.o
HAL_COMP_GetError                                 Drivers\STM32L4xx_HAL_Driver\Src\stm32l4xx_hal_comp.o
HAL_COMP_GetOutputLevel                           Drivers\STM32L4xx_HAL_Driver\Src\stm32l4xx_hal_comp.o
HAL_COMP_GetState                                 Drivers\STM32L4xx_HAL_Driver\Src\stm32l4xx_hal_comp.o
HAL_COMP_IRQHandler                               Drivers\STM32L4xx_HAL_Driver\Src\stm32l4xx_hal_comp.o
HAL_COMP_Init                                     Drivers\STM32L4xx_HAL_Driver\Src\stm32l4xx_hal_comp.o
HAL_COMP_Lock                                     Drivers\STM32L4xx_HAL_Driver\Src\stm32l4xx_hal_comp.o
HAL_COMP_MspDeInit                                Drivers\STM32L4xx_HAL_Driver\Src\stm32l4xx_hal_comp.o
HAL_COMP_MspInit                                  Drivers\STM32L4xx_HAL_Driver\Src\stm32l4xx_hal_comp.o
HAL_COMP_Start                                    Drivers\STM32L4xx_HAL_Driver\Src\stm32l4xx_hal_comp.o
HAL_COMP_Stop                                     Drivers\STM32L4xx_HAL_Driver\Src\stm32l4xx_hal_comp.o
HAL_COMP_TriggerCallback                          Drivers\STM32L4xx_HAL_Driver\Src\stm32l4xx_hal_comp.o
HAL_CRCEx_Input_Data_Reverse                      Drivers\STM32L4xx_HAL_Driver\Src\stm32l4xx_hal_crc_ex.o
HAL_CRCEx_Output_Data_Reverse                     Drivers\STM32L4xx_HAL_Driver\Src\stm32l4xx_hal_crc_ex.o
HAL_CRCEx_Polynomial_Set                          Drivers\STM32L4xx_HAL_Driver\Src\stm32l4xx_hal_crc_ex.o
                                                  Drivers\STM32L4xx_HAL_Driver\Src\stm32l4xx_hal_crc.o
HAL_CRC_Accumulate                                Drivers\STM32L4xx_HAL_Driver\Src\stm32l4xx_hal_crc.o
HAL_CRC_Calculate                                 Drivers\STM32L4xx_HAL_Driver\Src\stm32l4xx_hal_crc.o
HAL_CRC_DeInit                                    Drivers\STM32L4xx_HAL_Driver\Src\stm32l4xx_hal_crc.o
HAL_CRC_GetState                                  Drivers\STM32L4xx_HAL_Driver\Src\stm32l4xx_hal_crc.o
HAL_CRC_Init                                      Drivers\STM32L4xx_HAL_Driver\Src\stm32l4xx_hal_crc.o
HAL_CRC_MspDeInit                                 Drivers\STM32L4xx_HAL_Driver\Src\stm32l4xx_hal_crc.o
HAL_CRC_MspInit                                   Drivers\STM32L4xx_HAL_Driver\Src\stm32l4xx_hal_crc.o
HAL_DBGMCU_DisableDBGSleepMode                    Drivers\STM32L4xx_HAL_Driver\Src\stm32l4xx_hal.o
HAL_DBGMCU_DisableDBGStandbyMode                  Drivers\STM32L4xx_HAL_Driver\Src\stm32l4xx_hal.o
HAL_DBGMCU_DisableDBGStopMode                     Drivers\STM32L4xx_HAL_Driver\Src\stm32l4xx_hal.o
HAL_DBGMCU_EnableDBGSleepMode                     Drivers\STM32L4xx_HAL_Driver\Src\stm32l4xx_hal.o
HAL_DBGMCU_EnableDBGStandbyMode                   Drivers\STM32L4xx_HAL_Driver\Src\stm32l4xx_hal.o
HAL_DBGMCU_EnableDBGStopMode                      Drivers\STM32L4xx_HAL_Driver\Src\stm32l4xx_hal.o
HAL_DMA_Abort                                     Drivers\STM32L4xx_HAL_Driver\Src\stm32l4xx_hal_dma.o
                                                  Drivers\STM32L4xx_HAL_Driver\Src\stm32l4xx_hal_usart.o
                                                  Drivers\STM32L4xx_HAL_Driver\Src\stm32l4xx_hal_uart.o
                                                  Drivers\STM32L4xx_HAL_Driver\Src\stm32l4xx_hal_spi.o
                                                  Drivers\STM32L4xx_HAL_Driver\Src\stm32l4xx_hal_smartcard.o
                                                  Drivers\STM32L4xx_HAL_Driver\Src\stm32l4xx_hal_qspi.o
                                                  Drivers\STM32L4xx_HAL_Driver\Src\stm32l4xx_hal_irda.o
                                                  Drivers\STM32L4xx_HAL_Driver\Src\stm32l4xx_hal_adc_ex.o
                                                  Drivers\STM32L4xx_HAL_Driver\Src\stm32l4xx_hal_adc.o
HAL_DMA_Abort_IT                                  Drivers\STM32L4xx_HAL_Driver\Src\stm32l4xx_hal_dma.o
                                                  Drivers\STM32L4xx_HAL_Driver\Src\stm32l4xx_hal_usart.o
                                                  Drivers\STM32L4xx_HAL_Driver\Src\stm32l4xx_hal_uart.o
                                                  Drivers\STM32L4xx_HAL_Driver\Src\stm32l4xx_hal_tim_ex.o
                                                  Drivers\STM32L4xx_HAL_Driver\Src\stm32l4xx_hal_tim.o
                                                  Drivers\STM32L4xx_HAL_Driver\Src\stm32l4xx_hal_spi.o
                                                  Drivers\STM32L4xx_HAL_Driver\Src\stm32l4xx_hal_smartcard.o
                                                  Drivers\STM32L4xx_HAL_Driver\Src\stm32l4xx_hal_qspi.o
                                                  Drivers\STM32L4xx_HAL_Driver\Src\stm32l4xx_hal_irda.o
                                                  Drivers\STM32L4xx_HAL_Driver\Src\stm32l4xx_hal_i2c.o
HAL_DMA_DeInit                                    Drivers\STM32L4xx_HAL_Driver\Src\stm32l4xx_hal_dma.o
HAL_DMA_GetError                                  Drivers\STM32L4xx_HAL_Driver\Src\stm32l4xx_hal_dma.o
                                                  Drivers\STM32L4xx_HAL_Driver\Src\stm32l4xx_hal_usart.o
                                                  Drivers\STM32L4xx_HAL_Driver\Src\stm32l4xx_hal_uart.o
                                                  Drivers\STM32L4xx_HAL_Driver\Src\stm32l4xx_hal_smartcard.o
                                                  Drivers\STM32L4xx_HAL_Driver\Src\stm32l4xx_hal_irda.o
HAL_DMA_GetState                                  Drivers\STM32L4xx_HAL_Driver\Src\stm32l4xx_hal_dma.o
HAL_DMA_IRQHandler                                Drivers\STM32L4xx_HAL_Driver\Src\stm32l4xx_hal_dma.o
HAL_DMA_Init                                      Drivers\STM32L4xx_HAL_Driver\Src\stm32l4xx_hal_dma.o
HAL_DMA_PollForTransfer                           Drivers\STM32L4xx_HAL_Driver\Src\stm32l4xx_hal_dma.o
HAL_DMA_RegisterCallback                          Drivers\STM32L4xx_HAL_Driver\Src\stm32l4xx_hal_dma.o
HAL_DMA_Start                                     Drivers\STM32L4xx_HAL_Driver\Src\stm32l4xx_hal_dma.o
HAL_DMA_Start_IT                                  Drivers\STM32L4xx_HAL_Driver\Src\stm32l4xx_hal_dma.o
                                                  Drivers\STM32L4xx_HAL_Driver\Src\stm32l4xx_hal_usart.o
                                                  Drivers\STM32L4xx_HAL_Driver\Src\stm32l4xx_hal_uart.o
                                                  Drivers\STM32L4xx_HAL_Driver\Src\stm32l4xx_hal_tim_ex.o
                                                  Drivers\STM32L4xx_HAL_Driver\Src\stm32l4xx_hal_tim.o
                                                  Drivers\STM32L4xx_HAL_Driver\Src\stm32l4xx_hal_spi.o
                                                  Drivers\STM32L4xx_HAL_Driver\Src\stm32l4xx_hal_smartcard.o
                                                  Drivers\STM32L4xx_HAL_Driver\Src\stm32l4xx_hal_qspi.o
                                                  Drivers\STM32L4xx_HAL_Driver\Src\stm32l4xx_hal_irda.o
                                                  Drivers\STM32L4xx_HAL_Driver\Src\stm32l4xx_hal_i2c.o
                                                  Drivers\STM32L4xx_HAL_Driver\Src\stm32l4xx_hal_adc_ex.o
                                                  Drivers\STM32L4xx_HAL_Driver\Src\stm32l4xx_hal_adc.o
HAL_DMA_UnRegisterCallback                        Drivers\STM32L4xx_HAL_Driver\Src\stm32l4xx_hal_dma.o
HAL_DeInit                                        Drivers\STM32L4xx_HAL_Driver\Src\stm32l4xx_hal.o
HAL_Delay                                         Drivers\STM32L4xx_HAL_Driver\Src\stm32l4xx_hal.o
                                                  Drivers\STM32L4xx_HAL_Driver\Src\stm32l4xx_hal_pcd_ex.o
                                                  Drivers\STM32L4xx_HAL_Driver\Src\stm32l4xx_hal_opamp.o
HAL_EXTI_ClearConfigLine                          Drivers\STM32L4xx_HAL_Driver\Src\stm32l4xx_hal_exti.o
HAL_EXTI_ClearPending                             Drivers\STM32L4xx_HAL_Driver\Src\stm32l4xx_hal_exti.o
HAL_EXTI_GenerateSWI                              Drivers\STM32L4xx_HAL_Driver\Src\stm32l4xx_hal_exti.o
HAL_EXTI_GetConfigLine                            Drivers\STM32L4xx_HAL_Driver\Src\stm32l4xx_hal_exti.o
HAL_EXTI_GetHandle                                Drivers\STM32L4xx_HAL_Driver\Src\stm32l4xx_hal_exti.o
HAL_EXTI_GetPending                               Drivers\STM32L4xx_HAL_Driver\Src\stm32l4xx_hal_exti.o
HAL_EXTI_IRQHandler                               Drivers\STM32L4xx_HAL_Driver\Src\stm32l4xx_hal_exti.o
HAL_EXTI_RegisterCallback                         Drivers\STM32L4xx_HAL_Driver\Src\stm32l4xx_hal_exti.o
HAL_EXTI_SetConfigLine                            Drivers\STM32L4xx_HAL_Driver\Src\stm32l4xx_hal_exti.o
HAL_FIREWALL_Config                               Drivers\STM32L4xx_HAL_Driver\Src\stm32l4xx_hal_firewall.o
HAL_FIREWALL_DisablePreArmFlag                    Drivers\STM32L4xx_HAL_Driver\Src\stm32l4xx_hal_firewall.o
HAL_FIREWALL_EnableFirewall                       Drivers\STM32L4xx_HAL_Driver\Src\stm32l4xx_hal_firewall.o
HAL_FIREWALL_EnablePreArmFlag                     Drivers\STM32L4xx_HAL_Driver\Src\stm32l4xx_hal_firewall.o
HAL_FIREWALL_GetConfig                            Drivers\STM32L4xx_HAL_Driver\Src\stm32l4xx_hal_firewall.o
HAL_FLASHEx_DisableRunPowerDown                   Drivers\STM32L4xx_HAL_Driver\Src\stm32l4xx_hal_flash_ramfunc.o
HAL_FLASHEx_EnableRunPowerDown                    Drivers\STM32L4xx_HAL_Driver\Src\stm32l4xx_hal_flash_ramfunc.o
HAL_FLASHEx_Erase                                 Drivers\STM32L4xx_HAL_Driver\Src\stm32l4xx_hal_flash_ex.o
HAL_FLASHEx_Erase_IT                              Drivers\STM32L4xx_HAL_Driver\Src\stm32l4xx_hal_flash_ex.o
HAL_FLASHEx_OBGetConfig                           Drivers\STM32L4xx_HAL_Driver\Src\stm32l4xx_hal_flash_ex.o
HAL_FLASHEx_OBProgram                             Drivers\STM32L4xx_HAL_Driver\Src\stm32l4xx_hal_flash_ex.o
HAL_FLASH_EndOfOperationCallback                  Drivers\STM32L4xx_HAL_Driver\Src\stm32l4xx_hal_flash.o
HAL_FLASH_GetError                                Drivers\STM32L4xx_HAL_Driver\Src\stm32l4xx_hal_flash.o
HAL_FLASH_IRQHandler                              Drivers\STM32L4xx_HAL_Driver\Src\stm32l4xx_hal_flash.o
HAL_FLASH_Lock                                    Drivers\STM32L4xx_HAL_Driver\Src\stm32l4xx_hal_flash.o
HAL_FLASH_OB_Launch                               Drivers\STM32L4xx_HAL_Driver\Src\stm32l4xx_hal_flash.o
HAL_FLASH_OB_Lock                                 Drivers\STM32L4xx_HAL_Driver\Src\stm32l4xx_hal_flash.o
HAL_FLASH_OB_Unlock                               Drivers\STM32L4xx_HAL_Driver\Src\stm32l4xx_hal_flash.o
HAL_FLASH_OperationErrorCallback                  Drivers\STM32L4xx_HAL_Driver\Src\stm32l4xx_hal_flash.o
HAL_FLASH_Program                                 Drivers\STM32L4xx_HAL_Driver\Src\stm32l4xx_hal_flash.o
HAL_FLASH_Program_IT                              Drivers\STM32L4xx_HAL_Driver\Src\stm32l4xx_hal_flash.o
HAL_FLASH_Unlock                                  Drivers\STM32L4xx_HAL_Driver\Src\stm32l4xx_hal_flash.o
HAL_GPIO_DeInit                                   Drivers\STM32L4xx_HAL_Driver\Src\stm32l4xx_hal_gpio.o
HAL_GPIO_EXTI_Callback                            Drivers\STM32L4xx_HAL_Driver\Src\stm32l4xx_hal_gpio.o
HAL_GPIO_EXTI_IRQHandler                          Drivers\STM32L4xx_HAL_Driver\Src\stm32l4xx_hal_gpio.o
HAL_GPIO_Init                                     Drivers\STM32L4xx_HAL_Driver\Src\stm32l4xx_hal_gpio.o
                                                  Drivers\STM32L4xx_HAL_Driver\Src\stm32l4xx_hal_rcc_ex.o
                                                  Drivers\STM32L4xx_HAL_Driver\Src\stm32l4xx_hal_rcc.o
HAL_GPIO_LockPin                                  Drivers\STM32L4xx_HAL_Driver\Src\stm32l4xx_hal_gpio.o
HAL_GPIO_ReadPin                                  Drivers\STM32L4xx_HAL_Driver\Src\stm32l4xx_hal_gpio.o
HAL_GPIO_TogglePin                                Drivers\STM32L4xx_HAL_Driver\Src\stm32l4xx_hal_gpio.o
HAL_GPIO_WritePin                                 Drivers\STM32L4xx_HAL_Driver\Src\stm32l4xx_hal_gpio.o
HAL_GetDEVID                                      Drivers\STM32L4xx_HAL_Driver\Src\stm32l4xx_hal.o
HAL_GetHalVersion                                 Drivers\STM32L4xx_HAL_Driver\Src\stm32l4xx_hal.o
HAL_GetREVID                                      Drivers\STM32L4xx_HAL_Driver\Src\stm32l4xx_hal.o
HAL_GetTick                                       Drivers\STM32L4xx_HAL_Driver\Src\stm32l4xx_hal.o
                                                  Drivers\STM32L4xx_HAL_Driver\Src\stm32l4xx_hal_usart.o
                                                  Drivers\STM32L4xx_HAL_Driver\Src\stm32l4xx_hal_uart_ex.o
                                                  Drivers\STM32L4xx_HAL_Driver\Src\stm32l4xx_hal_uart.o
                                                  Drivers\STM32L4xx_HAL_Driver\Src\stm32l4xx_hal_spi.o
                                                  Drivers\STM32L4xx_HAL_Driver\Src\stm32l4xx_hal_smbus.o
                                                  Drivers\STM32L4xx_HAL_Driver\Src\stm32l4xx_hal_smartcard.o
                                                  Drivers\STM32L4xx_HAL_Driver\Src\stm32l4xx_hal_rtc_ex.o
                                                  Drivers\STM32L4xx_HAL_Driver\Src\stm32l4xx_hal_rtc.o
                                                  Drivers\STM32L4xx_HAL_Driver\Src\stm32l4xx_hal_rng.o
                                                  Drivers\STM32L4xx_HAL_Driver\Src\stm32l4xx_hal_rcc_ex.o
                                                  Drivers\STM32L4xx_HAL_Driver\Src\stm32l4xx_hal_rcc.o
                                                  Drivers\STM32L4xx_HAL_Driver\Src\stm32l4xx_hal_qspi.o
                                                  Drivers\STM32L4xx_HAL_Driver\Src\stm32l4xx_hal_pcd_ex.o
                                                  Drivers\STM32L4xx_HAL_Driver\Src\stm32l4xx_hal_lptim.o
                                                  Drivers\STM32L4xx_HAL_Driver\Src\stm32l4xx_hal_iwdg.o
                                                  Drivers\STM32L4xx_HAL_Driver\Src\stm32l4xx_hal_irda.o
                                                  Drivers\STM32L4xx_HAL_Driver\Src\stm32l4xx_hal_i2c.o
                                                  Drivers\STM32L4xx_HAL_Driver\Src\stm32l4xx_hal_flash.o
                                                  Drivers\STM32L4xx_HAL_Driver\Src\stm32l4xx_hal_dma.o
                                                  Drivers\STM32L4xx_HAL_Driver\Src\stm32l4xx_hal_adc_ex.o
                                                  Drivers\STM32L4xx_HAL_Driver\Src\stm32l4xx_hal_adc.o
HAL_GetTickFreq                                   Drivers\STM32L4xx_HAL_Driver\Src\stm32l4xx_hal.o
HAL_GetTickPrio                                   Drivers\STM32L4xx_HAL_Driver\Src\stm32l4xx_hal.o
HAL_GetUIDw0                                      Drivers\STM32L4xx_HAL_Driver\Src\stm32l4xx_hal.o
HAL_GetUIDw1                                      Drivers\STM32L4xx_HAL_Driver\Src\stm32l4xx_hal.o
HAL_GetUIDw2                                      Drivers\STM32L4xx_HAL_Driver\Src\stm32l4xx_hal.o
HAL_HalfDuplex_EnableReceiver                     Drivers\STM32L4xx_HAL_Driver\Src\stm32l4xx_hal_uart.o
HAL_HalfDuplex_EnableTransmitter                  Drivers\STM32L4xx_HAL_Driver\Src\stm32l4xx_hal_uart.o
HAL_HalfDuplex_Init                               Drivers\STM32L4xx_HAL_Driver\Src\stm32l4xx_hal_uart.o
HAL_I2CEx_ConfigAnalogFilter                      Drivers\STM32L4xx_HAL_Driver\Src\stm32l4xx_hal_i2c_ex.o
HAL_I2CEx_ConfigDigitalFilter                     Drivers\STM32L4xx_HAL_Driver\Src\stm32l4xx_hal_i2c_ex.o
HAL_I2CEx_DisableFastModePlus                     Drivers\STM32L4xx_HAL_Driver\Src\stm32l4xx_hal_i2c_ex.o
HAL_I2CEx_DisableWakeUp                           Drivers\STM32L4xx_HAL_Driver\Src\stm32l4xx_hal_i2c_ex.o
HAL_I2CEx_EnableFastModePlus                      Drivers\STM32L4xx_HAL_Driver\Src\stm32l4xx_hal_i2c_ex.o
HAL_I2CEx_EnableWakeUp                            Drivers\STM32L4xx_HAL_Driver\Src\stm32l4xx_hal_i2c_ex.o
HAL_I2C_AbortCpltCallback                         Drivers\STM32L4xx_HAL_Driver\Src\stm32l4xx_hal_i2c.o
HAL_I2C_AddrCallback                              Drivers\STM32L4xx_HAL_Driver\Src\stm32l4xx_hal_i2c.o
HAL_I2C_DeInit                                    Drivers\STM32L4xx_HAL_Driver\Src\stm32l4xx_hal_i2c.o
HAL_I2C_DisableListen_IT                          Drivers\STM32L4xx_HAL_Driver\Src\stm32l4xx_hal_i2c.o
HAL_I2C_ER_IRQHandler                             Drivers\STM32L4xx_HAL_Driver\Src\stm32l4xx_hal_i2c.o
HAL_I2C_EV_IRQHandler                             Drivers\STM32L4xx_HAL_Driver\Src\stm32l4xx_hal_i2c.o
HAL_I2C_EnableListen_IT                           Drivers\STM32L4xx_HAL_Driver\Src\stm32l4xx_hal_i2c.o
HAL_I2C_ErrorCallback                             Drivers\STM32L4xx_HAL_Driver\Src\stm32l4xx_hal_i2c.o
HAL_I2C_GetError                                  Drivers\STM32L4xx_HAL_Driver\Src\stm32l4xx_hal_i2c.o
HAL_I2C_GetMode                                   Drivers\STM32L4xx_HAL_Driver\Src\stm32l4xx_hal_i2c.o
HAL_I2C_GetState                                  Drivers\STM32L4xx_HAL_Driver\Src\stm32l4xx_hal_i2c.o
HAL_I2C_Init                                      Drivers\STM32L4xx_HAL_Driver\Src\stm32l4xx_hal_i2c.o
HAL_I2C_IsDeviceReady                             Drivers\STM32L4xx_HAL_Driver\Src\stm32l4xx_hal_i2c.o
HAL_I2C_ListenCpltCallback                        Drivers\STM32L4xx_HAL_Driver\Src\stm32l4xx_hal_i2c.o
HAL_I2C_MasterRxCpltCallback                      Drivers\STM32L4xx_HAL_Driver\Src\stm32l4xx_hal_i2c.o
HAL_I2C_MasterTxCpltCallback                      Drivers\STM32L4xx_HAL_Driver\Src\stm32l4xx_hal_i2c.o
HAL_I2C_Master_Abort_IT                           Drivers\STM32L4xx_HAL_Driver\Src\stm32l4xx_hal_i2c.o
HAL_I2C_Master_Receive                            Drivers\STM32L4xx_HAL_Driver\Src\stm32l4xx_hal_i2c.o
HAL_I2C_Master_Receive_DMA                        Drivers\STM32L4xx_HAL_Driver\Src\stm32l4xx_hal_i2c.o
HAL_I2C_Master_Receive_IT                         Drivers\STM32L4xx_HAL_Driver\Src\stm32l4xx_hal_i2c.o
HAL_I2C_Master_Seq_Receive_DMA                    Drivers\STM32L4xx_HAL_Driver\Src\stm32l4xx_hal_i2c.o
HAL_I2C_Master_Seq_Receive_IT                     Drivers\STM32L4xx_HAL_Driver\Src\stm32l4xx_hal_i2c.o
HAL_I2C_Master_Seq_Transmit_DMA                   Drivers\STM32L4xx_HAL_Driver\Src\stm32l4xx_hal_i2c.o
HAL_I2C_Master_Seq_Transmit_IT                    Drivers\STM32L4xx_HAL_Driver\Src\stm32l4xx_hal_i2c.o
HAL_I2C_Master_Transmit                           Drivers\STM32L4xx_HAL_Driver\Src\stm32l4xx_hal_i2c.o
HAL_I2C_Master_Transmit_DMA                       Drivers\STM32L4xx_HAL_Driver\Src\stm32l4xx_hal_i2c.o
HAL_I2C_Master_Transmit_IT                        Drivers\STM32L4xx_HAL_Driver\Src\stm32l4xx_hal_i2c.o
HAL_I2C_MemRxCpltCallback                         Drivers\STM32L4xx_HAL_Driver\Src\stm32l4xx_hal_i2c.o
HAL_I2C_MemTxCpltCallback                         Drivers\STM32L4xx_HAL_Driver\Src\stm32l4xx_hal_i2c.o
HAL_I2C_Mem_Read                                  Drivers\STM32L4xx_HAL_Driver\Src\stm32l4xx_hal_i2c.o
HAL_I2C_Mem_Read_DMA                              Drivers\STM32L4xx_HAL_Driver\Src\stm32l4xx_hal_i2c.o
HAL_I2C_Mem_Read_IT                               Drivers\STM32L4xx_HAL_Driver\Src\stm32l4xx_hal_i2c.o
HAL_I2C_Mem_Write                                 Drivers\STM32L4xx_HAL_Driver\Src\stm32l4xx_hal_i2c.o
HAL_I2C_Mem_Write_DMA                             Drivers\STM32L4xx_HAL_Driver\Src\stm32l4xx_hal_i2c.o
HAL_I2C_Mem_Write_IT                              Drivers\STM32L4xx_HAL_Driver\Src\stm32l4xx_hal_i2c.o
HAL_I2C_MspDeInit                                 Drivers\STM32L4xx_HAL_Driver\Src\stm32l4xx_hal_i2c.o
HAL_I2C_MspInit                                   Drivers\STM32L4xx_HAL_Driver\Src\stm32l4xx_hal_i2c.o
HAL_I2C_SlaveRxCpltCallback                       Drivers\STM32L4xx_HAL_Driver\Src\stm32l4xx_hal_i2c.o
HAL_I2C_SlaveTxCpltCallback                       Drivers\STM32L4xx_HAL_Driver\Src\stm32l4xx_hal_i2c.o
HAL_I2C_Slave_Receive                             Drivers\STM32L4xx_HAL_Driver\Src\stm32l4xx_hal_i2c.o
HAL_I2C_Slave_Receive_DMA                         Drivers\STM32L4xx_HAL_Driver\Src\stm32l4xx_hal_i2c.o
HAL_I2C_Slave_Receive_IT                          Drivers\STM32L4xx_HAL_Driver\Src\stm32l4xx_hal_i2c.o
HAL_I2C_Slave_Seq_Receive_DMA                     Drivers\STM32L4xx_HAL_Driver\Src\stm32l4xx_hal_i2c.o
HAL_I2C_Slave_Seq_Receive_IT                      Drivers\STM32L4xx_HAL_Driver\Src\stm32l4xx_hal_i2c.o
HAL_I2C_Slave_Seq_Transmit_DMA                    Drivers\STM32L4xx_HAL_Driver\Src\stm32l4xx_hal_i2c.o
HAL_I2C_Slave_Seq_Transmit_IT                     Drivers\STM32L4xx_HAL_Driver\Src\stm32l4xx_hal_i2c.o
HAL_I2C_Slave_Transmit                            Drivers\STM32L4xx_HAL_Driver\Src\stm32l4xx_hal_i2c.o
HAL_I2C_Slave_Transmit_DMA                        Drivers\STM32L4xx_HAL_Driver\Src\stm32l4xx_hal_i2c.o
HAL_I2C_Slave_Transmit_IT                         Drivers\STM32L4xx_HAL_Driver\Src\stm32l4xx_hal_i2c.o
HAL_IRDA_Abort                                    Drivers\STM32L4xx_HAL_Driver\Src\stm32l4xx_hal_irda.o
HAL_IRDA_AbortCpltCallback                        Drivers\STM32L4xx_HAL_Driver\Src\stm32l4xx_hal_irda.o
HAL_IRDA_AbortReceive                             Drivers\STM32L4xx_HAL_Driver\Src\stm32l4xx_hal_irda.o
HAL_IRDA_AbortReceiveCpltCallback                 Drivers\STM32L4xx_HAL_Driver\Src\stm32l4xx_hal_irda.o
HAL_IRDA_AbortReceive_IT                          Drivers\STM32L4xx_HAL_Driver\Src\stm32l4xx_hal_irda.o
HAL_IRDA_AbortTransmit                            Drivers\STM32L4xx_HAL_Driver\Src\stm32l4xx_hal_irda.o
HAL_IRDA_AbortTransmitCpltCallback                Drivers\STM32L4xx_HAL_Driver\Src\stm32l4xx_hal_irda.o
HAL_IRDA_AbortTransmit_IT                         Drivers\STM32L4xx_HAL_Driver\Src\stm32l4xx_hal_irda.o
HAL_IRDA_Abort_IT                                 Drivers\STM32L4xx_HAL_Driver\Src\stm32l4xx_hal_irda.o
HAL_IRDA_DMAPause                                 Drivers\STM32L4xx_HAL_Driver\Src\stm32l4xx_hal_irda.o
HAL_IRDA_DMAResume                                Drivers\STM32L4xx_HAL_Driver\Src\stm32l4xx_hal_irda.o
HAL_IRDA_DMAStop                                  Drivers\STM32L4xx_HAL_Driver\Src\stm32l4xx_hal_irda.o
HAL_IRDA_DeInit                                   Drivers\STM32L4xx_HAL_Driver\Src\stm32l4xx_hal_irda.o
HAL_IRDA_ErrorCallback                            Drivers\STM32L4xx_HAL_Driver\Src\stm32l4xx_hal_irda.o
HAL_IRDA_GetError                                 Drivers\STM32L4xx_HAL_Driver\Src\stm32l4xx_hal_irda.o
HAL_IRDA_GetState                                 Drivers\STM32L4xx_HAL_Driver\Src\stm32l4xx_hal_irda.o
HAL_IRDA_IRQHandler                               Drivers\STM32L4xx_HAL_Driver\Src\stm32l4xx_hal_irda.o
HAL_IRDA_Init                                     Drivers\STM32L4xx_HAL_Driver\Src\stm32l4xx_hal_irda.o
HAL_IRDA_MspDeInit                                Drivers\STM32L4xx_HAL_Driver\Src\stm32l4xx_hal_irda.o
HAL_IRDA_MspInit                                  Drivers\STM32L4xx_HAL_Driver\Src\stm32l4xx_hal_irda.o
HAL_IRDA_Receive                                  Drivers\STM32L4xx_HAL_Driver\Src\stm32l4xx_hal_irda.o
HAL_IRDA_Receive_DMA                              Drivers\STM32L4xx_HAL_Driver\Src\stm32l4xx_hal_irda.o
HAL_IRDA_Receive_IT                               Drivers\STM32L4xx_HAL_Driver\Src\stm32l4xx_hal_irda.o
HAL_IRDA_RxCpltCallback                           Drivers\STM32L4xx_HAL_Driver\Src\stm32l4xx_hal_irda.o
HAL_IRDA_RxHalfCpltCallback                       Drivers\STM32L4xx_HAL_Driver\Src\stm32l4xx_hal_irda.o
HAL_IRDA_Transmit                                 Drivers\STM32L4xx_HAL_Driver\Src\stm32l4xx_hal_irda.o
HAL_IRDA_Transmit_DMA                             Drivers\STM32L4xx_HAL_Driver\Src\stm32l4xx_hal_irda.o
HAL_IRDA_Transmit_IT                              Drivers\STM32L4xx_HAL_Driver\Src\stm32l4xx_hal_irda.o
HAL_IRDA_TxCpltCallback                           Drivers\STM32L4xx_HAL_Driver\Src\stm32l4xx_hal_irda.o
HAL_IRDA_TxHalfCpltCallback                       Drivers\STM32L4xx_HAL_Driver\Src\stm32l4xx_hal_irda.o
HAL_IWDG_Init                                     Drivers\STM32L4xx_HAL_Driver\Src\stm32l4xx_hal_iwdg.o
HAL_IWDG_Refresh                                  Drivers\STM32L4xx_HAL_Driver\Src\stm32l4xx_hal_iwdg.o
HAL_IncTick                                       Drivers\STM32L4xx_HAL_Driver\Src\stm32l4xx_hal.o
                                                  Drivers\STM32L4xx_HAL_Driver\Src\stm32l4xx_hal_timebase_tim_template.o
HAL_Init                                          Drivers\STM32L4xx_HAL_Driver\Src\stm32l4xx_hal.o
HAL_InitTick                                      Drivers\STM32L4xx_HAL_Driver\Src\stm32l4xx_hal_timebase_tim_template.o
                                                  Drivers\STM32L4xx_HAL_Driver\Src\stm32l4xx_hal.o
                                                  Drivers\STM32L4xx_HAL_Driver\Src\stm32l4xx_hal_rcc.o
HAL_LIN_Init                                      Drivers\STM32L4xx_HAL_Driver\Src\stm32l4xx_hal_uart.o
HAL_LIN_SendBreak                                 Drivers\STM32L4xx_HAL_Driver\Src\stm32l4xx_hal_uart.o
HAL_LPTIM_AutoReloadMatchCallback                 Drivers\STM32L4xx_HAL_Driver\Src\stm32l4xx_hal_lptim.o
HAL_LPTIM_AutoReloadWriteCallback                 Drivers\STM32L4xx_HAL_Driver\Src\stm32l4xx_hal_lptim.o
HAL_LPTIM_CompareMatchCallback                    Drivers\STM32L4xx_HAL_Driver\Src\stm32l4xx_hal_lptim.o
HAL_LPTIM_CompareWriteCallback                    Drivers\STM32L4xx_HAL_Driver\Src\stm32l4xx_hal_lptim.o
HAL_LPTIM_Counter_Start                           Drivers\STM32L4xx_HAL_Driver\Src\stm32l4xx_hal_lptim.o
HAL_LPTIM_Counter_Start_IT                        Drivers\STM32L4xx_HAL_Driver\Src\stm32l4xx_hal_lptim.o
HAL_LPTIM_Counter_Stop                            Drivers\STM32L4xx_HAL_Driver\Src\stm32l4xx_hal_lptim.o
HAL_LPTIM_Counter_Stop_IT                         Drivers\STM32L4xx_HAL_Driver\Src\stm32l4xx_hal_lptim.o
HAL_LPTIM_DeInit                                  Drivers\STM32L4xx_HAL_Driver\Src\stm32l4xx_hal_lptim.o
HAL_LPTIM_DirectionDownCallback                   Drivers\STM32L4xx_HAL_Driver\Src\stm32l4xx_hal_lptim.o
HAL_LPTIM_DirectionUpCallback                     Drivers\STM32L4xx_HAL_Driver\Src\stm32l4xx_hal_lptim.o
HAL_LPTIM_Encoder_Start                           Drivers\STM32L4xx_HAL_Driver\Src\stm32l4xx_hal_lptim.o
HAL_LPTIM_Encoder_Start_IT                        Drivers\STM32L4xx_HAL_Driver\Src\stm32l4xx_hal_lptim.o
HAL_LPTIM_Encoder_Stop                            Drivers\STM32L4xx_HAL_Driver\Src\stm32l4xx_hal_lptim.o
HAL_LPTIM_Encoder_Stop_IT                         Drivers\STM32L4xx_HAL_Driver\Src\stm32l4xx_hal_lptim.o
HAL_LPTIM_GetState                                Drivers\STM32L4xx_HAL_Driver\Src\stm32l4xx_hal_lptim.o
HAL_LPTIM_IRQHandler                              Drivers\STM32L4xx_HAL_Driver\Src\stm32l4xx_hal_lptim.o
HAL_LPTIM_Init                                    Drivers\STM32L4xx_HAL_Driver\Src\stm32l4xx_hal_lptim.o
HAL_LPTIM_MspDeInit                               Drivers\STM32L4xx_HAL_Driver\Src\stm32l4xx_hal_lptim.o
HAL_LPTIM_MspInit                                 Drivers\STM32L4xx_HAL_Driver\Src\stm32l4xx_hal_lptim.o
HAL_LPTIM_OnePulse_Start                          Drivers\STM32L4xx_HAL_Driver\Src\stm32l4xx_hal_lptim.o
HAL_LPTIM_OnePulse_Start_IT                       Drivers\STM32L4xx_HAL_Driver\Src\stm32l4xx_hal_lptim.o
HAL_LPTIM_OnePulse_Stop                           Drivers\STM32L4xx_HAL_Driver\Src\stm32l4xx_hal_lptim.o
HAL_LPTIM_OnePulse_Stop_IT                        Drivers\STM32L4xx_HAL_Driver\Src\stm32l4xx_hal_lptim.o
HAL_LPTIM_PWM_Start                               Drivers\STM32L4xx_HAL_Driver\Src\stm32l4xx_hal_lptim.o
HAL_LPTIM_PWM_Start_IT                            Drivers\STM32L4xx_HAL_Driver\Src\stm32l4xx_hal_lptim.o
HAL_LPTIM_PWM_Stop                                Drivers\STM32L4xx_HAL_Driver\Src\stm32l4xx_hal_lptim.o
HAL_LPTIM_PWM_Stop_IT                             Drivers\STM32L4xx_HAL_Driver\Src\stm32l4xx_hal_lptim.o
HAL_LPTIM_ReadAutoReload                          Drivers\STM32L4xx_HAL_Driver\Src\stm32l4xx_hal_lptim.o
HAL_LPTIM_ReadCompare                             Drivers\STM32L4xx_HAL_Driver\Src\stm32l4xx_hal_lptim.o
HAL_LPTIM_ReadCounter                             Drivers\STM32L4xx_HAL_Driver\Src\stm32l4xx_hal_lptim.o
HAL_LPTIM_RepCounterWriteCallback                 Drivers\STM32L4xx_HAL_Driver\Src\stm32l4xx_hal_lptim.o
HAL_LPTIM_SetOnce_Start                           Drivers\STM32L4xx_HAL_Driver\Src\stm32l4xx_hal_lptim.o
HAL_LPTIM_SetOnce_Start_IT                        Drivers\STM32L4xx_HAL_Driver\Src\stm32l4xx_hal_lptim.o
HAL_LPTIM_SetOnce_Stop                            Drivers\STM32L4xx_HAL_Driver\Src\stm32l4xx_hal_lptim.o
HAL_LPTIM_SetOnce_Stop_IT                         Drivers\STM32L4xx_HAL_Driver\Src\stm32l4xx_hal_lptim.o
HAL_LPTIM_TimeOut_Start                           Drivers\STM32L4xx_HAL_Driver\Src\stm32l4xx_hal_lptim.o
HAL_LPTIM_TimeOut_Start_IT                        Drivers\STM32L4xx_HAL_Driver\Src\stm32l4xx_hal_lptim.o
HAL_LPTIM_TimeOut_Stop                            Drivers\STM32L4xx_HAL_Driver\Src\stm32l4xx_hal_lptim.o
HAL_LPTIM_TimeOut_Stop_IT                         Drivers\STM32L4xx_HAL_Driver\Src\stm32l4xx_hal_lptim.o
HAL_LPTIM_TriggerCallback                         Drivers\STM32L4xx_HAL_Driver\Src\stm32l4xx_hal_lptim.o
HAL_LPTIM_UpdateEventCallback                     Drivers\STM32L4xx_HAL_Driver\Src\stm32l4xx_hal_lptim.o
HAL_MPU_ConfigRegion                              Drivers\STM32L4xx_HAL_Driver\Src\stm32l4xx_hal_cortex.o
HAL_MPU_Disable                                   Drivers\STM32L4xx_HAL_Driver\Src\stm32l4xx_hal_cortex.o
HAL_MPU_Enable                                    Drivers\STM32L4xx_HAL_Driver\Src\stm32l4xx_hal_cortex.o
HAL_MspDeInit                                     Drivers\STM32L4xx_HAL_Driver\Src\stm32l4xx_hal_msp_template.o
                                                  Drivers\STM32L4xx_HAL_Driver\Src\stm32l4xx_hal.o
HAL_MspInit                                       Drivers\STM32L4xx_HAL_Driver\Src\stm32l4xx_hal_msp_template.o
                                                  Drivers\STM32L4xx_HAL_Driver\Src\stm32l4xx_hal.o
HAL_MultiProcessorEx_AddressLength_Set            Drivers\STM32L4xx_HAL_Driver\Src\stm32l4xx_hal_uart_ex.o
HAL_MultiProcessor_DisableMuteMode                Drivers\STM32L4xx_HAL_Driver\Src\stm32l4xx_hal_uart.o
HAL_MultiProcessor_EnableMuteMode                 Drivers\STM32L4xx_HAL_Driver\Src\stm32l4xx_hal_uart.o
HAL_MultiProcessor_EnterMuteMode                  Drivers\STM32L4xx_HAL_Driver\Src\stm32l4xx_hal_uart.o
HAL_MultiProcessor_Init                           Drivers\STM32L4xx_HAL_Driver\Src\stm32l4xx_hal_uart.o
HAL_NVIC_ClearPendingIRQ                          Drivers\STM32L4xx_HAL_Driver\Src\stm32l4xx_hal_cortex.o
HAL_NVIC_DisableIRQ                               Drivers\STM32L4xx_HAL_Driver\Src\stm32l4xx_hal_cortex.o
HAL_NVIC_EnableIRQ                                Drivers\STM32L4xx_HAL_Driver\Src\stm32l4xx_hal_cortex.o
                                                  Drivers\STM32L4xx_HAL_Driver\Src\stm32l4xx_hal_timebase_tim_template.o
HAL_NVIC_GetActive                                Drivers\STM32L4xx_HAL_Driver\Src\stm32l4xx_hal_cortex.o
HAL_NVIC_GetPendingIRQ                            Drivers\STM32L4xx_HAL_Driver\Src\stm32l4xx_hal_cortex.o
HAL_NVIC_GetPriority                              Drivers\STM32L4xx_HAL_Driver\Src\stm32l4xx_hal_cortex.o
HAL_NVIC_GetPriorityGrouping                      Drivers\STM32L4xx_HAL_Driver\Src\stm32l4xx_hal_cortex.o
HAL_NVIC_SetPendingIRQ                            Drivers\STM32L4xx_HAL_Driver\Src\stm32l4xx_hal_cortex.o
HAL_NVIC_SetPriority                              Drivers\STM32L4xx_HAL_Driver\Src\stm32l4xx_hal_cortex.o
                                                  Drivers\STM32L4xx_HAL_Driver\Src\stm32l4xx_hal_timebase_tim_template.o
                                                  Drivers\STM32L4xx_HAL_Driver\Src\stm32l4xx_hal.o
HAL_NVIC_SetPriorityGrouping                      Drivers\STM32L4xx_HAL_Driver\Src\stm32l4xx_hal_cortex.o
                                                  Drivers\STM32L4xx_HAL_Driver\Src\stm32l4xx_hal.o
HAL_NVIC_SystemReset                              Drivers\STM32L4xx_HAL_Driver\Src\stm32l4xx_hal_cortex.o
HAL_OPAMPEx_Unlock                                Drivers\STM32L4xx_HAL_Driver\Src\stm32l4xx_hal_opamp_ex.o
HAL_OPAMP_DeInit                                  Drivers\STM32L4xx_HAL_Driver\Src\stm32l4xx_hal_opamp.o
HAL_OPAMP_GetState                                Drivers\STM32L4xx_HAL_Driver\Src\stm32l4xx_hal_opamp.o
HAL_OPAMP_GetTrimOffset                           Drivers\STM32L4xx_HAL_Driver\Src\stm32l4xx_hal_opamp.o
HAL_OPAMP_Init                                    Drivers\STM32L4xx_HAL_Driver\Src\stm32l4xx_hal_opamp.o
HAL_OPAMP_Lock                                    Drivers\STM32L4xx_HAL_Driver\Src\stm32l4xx_hal_opamp.o
HAL_OPAMP_MspDeInit                               Drivers\STM32L4xx_HAL_Driver\Src\stm32l4xx_hal_opamp.o
HAL_OPAMP_MspInit                                 Drivers\STM32L4xx_HAL_Driver\Src\stm32l4xx_hal_opamp.o
HAL_OPAMP_SelfCalibrate                           Drivers\STM32L4xx_HAL_Driver\Src\stm32l4xx_hal_opamp.o
HAL_OPAMP_Start                                   Drivers\STM32L4xx_HAL_Driver\Src\stm32l4xx_hal_opamp.o
HAL_OPAMP_Stop                                    Drivers\STM32L4xx_HAL_Driver\Src\stm32l4xx_hal_opamp.o
HAL_PCDEx_ActivateBCD                             Drivers\STM32L4xx_HAL_Driver\Src\stm32l4xx_hal_pcd_ex.o
HAL_PCDEx_ActivateLPM                             Drivers\STM32L4xx_HAL_Driver\Src\stm32l4xx_hal_pcd_ex.o
                                                  Drivers\STM32L4xx_HAL_Driver\Src\stm32l4xx_hal_pcd.o
HAL_PCDEx_BCD_Callback                            Drivers\STM32L4xx_HAL_Driver\Src\stm32l4xx_hal_pcd_ex.o
HAL_PCDEx_BCD_VBUSDetect                          Drivers\STM32L4xx_HAL_Driver\Src\stm32l4xx_hal_pcd_ex.o
HAL_PCDEx_DeActivateBCD                           Drivers\STM32L4xx_HAL_Driver\Src\stm32l4xx_hal_pcd_ex.o
HAL_PCDEx_DeActivateLPM                           Drivers\STM32L4xx_HAL_Driver\Src\stm32l4xx_hal_pcd_ex.o
HAL_PCDEx_LPM_Callback                            Drivers\STM32L4xx_HAL_Driver\Src\stm32l4xx_hal_pcd_ex.o
                                                  Drivers\STM32L4xx_HAL_Driver\Src\stm32l4xx_hal_pcd.o
HAL_PCDEx_PMAConfig                               Drivers\STM32L4xx_HAL_Driver\Src\stm32l4xx_hal_pcd_ex.o
HAL_PCD_ActivateRemoteWakeup                      Drivers\STM32L4xx_HAL_Driver\Src\stm32l4xx_hal_pcd.o
HAL_PCD_ConnectCallback                           Drivers\STM32L4xx_HAL_Driver\Src\stm32l4xx_hal_pcd.o
HAL_PCD_DataInStageCallback                       Drivers\STM32L4xx_HAL_Driver\Src\stm32l4xx_hal_pcd.o
HAL_PCD_DataOutStageCallback                      Drivers\STM32L4xx_HAL_Driver\Src\stm32l4xx_hal_pcd.o
HAL_PCD_DeActivateRemoteWakeup                    Drivers\STM32L4xx_HAL_Driver\Src\stm32l4xx_hal_pcd.o
HAL_PCD_DeInit                                    Drivers\STM32L4xx_HAL_Driver\Src\stm32l4xx_hal_pcd.o
HAL_PCD_DevConnect                                Drivers\STM32L4xx_HAL_Driver\Src\stm32l4xx_hal_pcd.o
HAL_PCD_DevDisconnect                             Drivers\STM32L4xx_HAL_Driver\Src\stm32l4xx_hal_pcd.o
HAL_PCD_DisconnectCallback                        Drivers\STM32L4xx_HAL_Driver\Src\stm32l4xx_hal_pcd.o
HAL_PCD_EP_Close                                  Drivers\STM32L4xx_HAL_Driver\Src\stm32l4xx_hal_pcd.o
HAL_PCD_EP_ClrStall                               Drivers\STM32L4xx_HAL_Driver\Src\stm32l4xx_hal_pcd.o
HAL_PCD_EP_Flush                                  Drivers\STM32L4xx_HAL_Driver\Src\stm32l4xx_hal_pcd.o
HAL_PCD_EP_GetRxCount                             Drivers\STM32L4xx_HAL_Driver\Src\stm32l4xx_hal_pcd.o
HAL_PCD_EP_Open                                   Drivers\STM32L4xx_HAL_Driver\Src\stm32l4xx_hal_pcd.o
HAL_PCD_EP_Receive                                Drivers\STM32L4xx_HAL_Driver\Src\stm32l4xx_hal_pcd.o
HAL_PCD_EP_SetStall                               Drivers\STM32L4xx_HAL_Driver\Src\stm32l4xx_hal_pcd.o
HAL_PCD_EP_Transmit                               Drivers\STM32L4xx_HAL_Driver\Src\stm32l4xx_hal_pcd.o
HAL_PCD_GetState                                  Drivers\STM32L4xx_HAL_Driver\Src\stm32l4xx_hal_pcd.o
HAL_PCD_IRQHandler                                Drivers\STM32L4xx_HAL_Driver\Src\stm32l4xx_hal_pcd.o
HAL_PCD_ISOINIncompleteCallback                   Drivers\STM32L4xx_HAL_Driver\Src\stm32l4xx_hal_pcd.o
HAL_PCD_ISOOUTIncompleteCallback                  Drivers\STM32L4xx_HAL_Driver\Src\stm32l4xx_hal_pcd.o
HAL_PCD_Init                                      Drivers\STM32L4xx_HAL_Driver\Src\stm32l4xx_hal_pcd.o
HAL_PCD_MspDeInit                                 Drivers\STM32L4xx_HAL_Driver\Src\stm32l4xx_hal_pcd.o
HAL_PCD_MspInit                                   Drivers\STM32L4xx_HAL_Driver\Src\stm32l4xx_hal_pcd.o
HAL_PCD_ResetCallback                             Drivers\STM32L4xx_HAL_Driver\Src\stm32l4xx_hal_pcd.o
HAL_PCD_ResumeCallback                            Drivers\STM32L4xx_HAL_Driver\Src\stm32l4xx_hal_pcd.o
HAL_PCD_SOFCallback                               Drivers\STM32L4xx_HAL_Driver\Src\stm32l4xx_hal_pcd.o
HAL_PCD_SetAddress                                Drivers\STM32L4xx_HAL_Driver\Src\stm32l4xx_hal_pcd.o
HAL_PCD_SetupStageCallback                        Drivers\STM32L4xx_HAL_Driver\Src\stm32l4xx_hal_pcd.o
HAL_PCD_Start                                     Drivers\STM32L4xx_HAL_Driver\Src\stm32l4xx_hal_pcd.o
HAL_PCD_Stop                                      Drivers\STM32L4xx_HAL_Driver\Src\stm32l4xx_hal_pcd.o
HAL_PCD_SuspendCallback                           Drivers\STM32L4xx_HAL_Driver\Src\stm32l4xx_hal_pcd.o
HAL_PPP_MspDeInit                                 Drivers\STM32L4xx_HAL_Driver\Src\stm32l4xx_hal_msp_template.o
HAL_PPP_MspInit                                   Drivers\STM32L4xx_HAL_Driver\Src\stm32l4xx_hal_msp_template.o
HAL_PWREx_ConfigPVM                               Drivers\STM32L4xx_HAL_Driver\Src\stm32l4xx_hal_pwr_ex.o
HAL_PWREx_ControlVoltageScaling                   Drivers\STM32L4xx_HAL_Driver\Src\stm32l4xx_hal_pwr_ex.o
HAL_PWREx_DisableBORPVD_ULP                       Drivers\STM32L4xx_HAL_Driver\Src\stm32l4xx_hal_pwr_ex.o
HAL_PWREx_DisableBatteryCharging                  Drivers\STM32L4xx_HAL_Driver\Src\stm32l4xx_hal_pwr_ex.o
HAL_PWREx_DisableExtSMPS_0V95                     Drivers\STM32L4xx_HAL_Driver\Src\stm32l4xx_hal_pwr_ex.o
HAL_PWREx_DisableGPIOPullDown                     Drivers\STM32L4xx_HAL_Driver\Src\stm32l4xx_hal_pwr_ex.o
HAL_PWREx_DisableGPIOPullUp                       Drivers\STM32L4xx_HAL_Driver\Src\stm32l4xx_hal_pwr_ex.o
HAL_PWREx_DisableInternalWakeUpLine               Drivers\STM32L4xx_HAL_Driver\Src\stm32l4xx_hal_pwr_ex.o
HAL_PWREx_DisableLowPowerRunMode                  Drivers\STM32L4xx_HAL_Driver\Src\stm32l4xx_hal_pwr_ex.o
                                                  Drivers\STM32L4xx_HAL_Driver\Src\stm32l4xx_hal_pwr.o
HAL_PWREx_DisablePVM1                             Drivers\STM32L4xx_HAL_Driver\Src\stm32l4xx_hal_pwr_ex.o
HAL_PWREx_DisablePVM3                             Drivers\STM32L4xx_HAL_Driver\Src\stm32l4xx_hal_pwr_ex.o
HAL_PWREx_DisablePVM4                             Drivers\STM32L4xx_HAL_Driver\Src\stm32l4xx_hal_pwr_ex.o
HAL_PWREx_DisablePullUpPullDownConfig             Drivers\STM32L4xx_HAL_Driver\Src\stm32l4xx_hal_pwr_ex.o
HAL_PWREx_DisableSRAM2ContentRetention            Drivers\STM32L4xx_HAL_Driver\Src\stm32l4xx_hal_pwr_ex.o
HAL_PWREx_DisableVddUSB                           Drivers\STM32L4xx_HAL_Driver\Src\stm32l4xx_hal_pwr_ex.o
HAL_PWREx_EnableBORPVD_ULP                        Drivers\STM32L4xx_HAL_Driver\Src\stm32l4xx_hal_pwr_ex.o
HAL_PWREx_EnableBatteryCharging                   Drivers\STM32L4xx_HAL_Driver\Src\stm32l4xx_hal_pwr_ex.o
HAL_PWREx_EnableExtSMPS_0V95                      Drivers\STM32L4xx_HAL_Driver\Src\stm32l4xx_hal_pwr_ex.o
HAL_PWREx_EnableGPIOPullDown                      Drivers\STM32L4xx_HAL_Driver\Src\stm32l4xx_hal_pwr_ex.o
HAL_PWREx_EnableGPIOPullUp                        Drivers\STM32L4xx_HAL_Driver\Src\stm32l4xx_hal_pwr_ex.o
HAL_PWREx_EnableInternalWakeUpLine                Drivers\STM32L4xx_HAL_Driver\Src\stm32l4xx_hal_pwr_ex.o
HAL_PWREx_EnableLowPowerRunMode                   Drivers\STM32L4xx_HAL_Driver\Src\stm32l4xx_hal_pwr_ex.o
                                                  Drivers\STM32L4xx_HAL_Driver\Src\stm32l4xx_hal_pwr.o
HAL_PWREx_EnablePVM1                              Drivers\STM32L4xx_HAL_Driver\Src\stm32l4xx_hal_pwr_ex.o
HAL_PWREx_EnablePVM3                              Drivers\STM32L4xx_HAL_Driver\Src\stm32l4xx_hal_pwr_ex.o
HAL_PWREx_EnablePVM4                              Drivers\STM32L4xx_HAL_Driver\Src\stm32l4xx_hal_pwr_ex.o
HAL_PWREx_EnablePullUpPullDownConfig              Drivers\STM32L4xx_HAL_Driver\Src\stm32l4xx_hal_pwr_ex.o
HAL_PWREx_EnableSRAM2ContentRetention             Drivers\STM32L4xx_HAL_Driver\Src\stm32l4xx_hal_pwr_ex.o
HAL_PWREx_EnableVddUSB                            Drivers\STM32L4xx_HAL_Driver\Src\stm32l4xx_hal_pwr_ex.o
HAL_PWREx_EnterSHUTDOWNMode                       Drivers\STM32L4xx_HAL_Driver\Src\stm32l4xx_hal_pwr_ex.o
HAL_PWREx_EnterSTOP0Mode                          Drivers\STM32L4xx_HAL_Driver\Src\stm32l4xx_hal_pwr_ex.o
                                                  Drivers\STM32L4xx_HAL_Driver\Src\stm32l4xx_hal_pwr.o
HAL_PWREx_EnterSTOP1Mode                          Drivers\STM32L4xx_HAL_Driver\Src\stm32l4xx_hal_pwr_ex.o
                                                  Drivers\STM32L4xx_HAL_Driver\Src\stm32l4xx_hal_pwr.o
HAL_PWREx_EnterSTOP2Mode                          Drivers\STM32L4xx_HAL_Driver\Src\stm32l4xx_hal_pwr_ex.o
HAL_PWREx_GetVoltageRange                         Drivers\STM32L4xx_HAL_Driver\Src\stm32l4xx_hal_pwr_ex.o
                                                  Drivers\STM32L4xx_HAL_Driver\Src\stm32l4xx_hal_rcc.o
HAL_PWREx_PVD_PVM_IRQHandler                      Drivers\STM32L4xx_HAL_Driver\Src\stm32l4xx_hal_pwr_ex.o
HAL_PWREx_PVM1Callback                            Drivers\STM32L4xx_HAL_Driver\Src\stm32l4xx_hal_pwr_ex.o
HAL_PWREx_PVM3Callback                            Drivers\STM32L4xx_HAL_Driver\Src\stm32l4xx_hal_pwr_ex.o
HAL_PWREx_PVM4Callback                            Drivers\STM32L4xx_HAL_Driver\Src\stm32l4xx_hal_pwr_ex.o
HAL_PWR_ConfigPVD                                 Drivers\STM32L4xx_HAL_Driver\Src\stm32l4xx_hal_pwr.o
HAL_PWR_DeInit                                    Drivers\STM32L4xx_HAL_Driver\Src\stm32l4xx_hal_pwr.o
HAL_PWR_DisableBkUpAccess                         Drivers\STM32L4xx_HAL_Driver\Src\stm32l4xx_hal_pwr.o
                                                  Drivers\STM32L4xx_HAL_Driver\Src\stm32l4xx_hal_rcc_ex.o
HAL_PWR_DisablePVD                                Drivers\STM32L4xx_HAL_Driver\Src\stm32l4xx_hal_pwr.o
HAL_PWR_DisableSEVOnPend                          Drivers\STM32L4xx_HAL_Driver\Src\stm32l4xx_hal_pwr.o
HAL_PWR_DisableSleepOnExit                        Drivers\STM32L4xx_HAL_Driver\Src\stm32l4xx_hal_pwr.o
HAL_PWR_DisableWakeUpPin                          Drivers\STM32L4xx_HAL_Driver\Src\stm32l4xx_hal_pwr.o
HAL_PWR_EnableBkUpAccess                          Drivers\STM32L4xx_HAL_Driver\Src\stm32l4xx_hal_pwr.o
                                                  Drivers\STM32L4xx_HAL_Driver\Src\stm32l4xx_hal_rcc_ex.o
HAL_PWR_EnablePVD                                 Drivers\STM32L4xx_HAL_Driver\Src\stm32l4xx_hal_pwr.o
HAL_PWR_EnableSEVOnPend                           Drivers\STM32L4xx_HAL_Driver\Src\stm32l4xx_hal_pwr.o
HAL_PWR_EnableSleepOnExit                         Drivers\STM32L4xx_HAL_Driver\Src\stm32l4xx_hal_pwr.o
HAL_PWR_EnableWakeUpPin                           Drivers\STM32L4xx_HAL_Driver\Src\stm32l4xx_hal_pwr.o
HAL_PWR_EnterSLEEPMode                            Drivers\STM32L4xx_HAL_Driver\Src\stm32l4xx_hal_pwr.o
HAL_PWR_EnterSTANDBYMode                          Drivers\STM32L4xx_HAL_Driver\Src\stm32l4xx_hal_pwr.o
HAL_PWR_EnterSTOPMode                             Drivers\STM32L4xx_HAL_Driver\Src\stm32l4xx_hal_pwr.o
HAL_PWR_PVDCallback                               Drivers\STM32L4xx_HAL_Driver\Src\stm32l4xx_hal_pwr.o
                                                  Drivers\STM32L4xx_HAL_Driver\Src\stm32l4xx_hal_pwr_ex.o
HAL_QSPI_Abort                                    Drivers\STM32L4xx_HAL_Driver\Src\stm32l4xx_hal_qspi.o
HAL_QSPI_AbortCpltCallback                        Drivers\STM32L4xx_HAL_Driver\Src\stm32l4xx_hal_qspi.o
HAL_QSPI_Abort_IT                                 Drivers\STM32L4xx_HAL_Driver\Src\stm32l4xx_hal_qspi.o
HAL_QSPI_AutoPolling                              Drivers\STM32L4xx_HAL_Driver\Src\stm32l4xx_hal_qspi.o
HAL_QSPI_AutoPolling_IT                           Drivers\STM32L4xx_HAL_Driver\Src\stm32l4xx_hal_qspi.o
HAL_QSPI_CmdCpltCallback                          Drivers\STM32L4xx_HAL_Driver\Src\stm32l4xx_hal_qspi.o
HAL_QSPI_Command                                  Drivers\STM32L4xx_HAL_Driver\Src\stm32l4xx_hal_qspi.o
HAL_QSPI_Command_IT                               Drivers\STM32L4xx_HAL_Driver\Src\stm32l4xx_hal_qspi.o
HAL_QSPI_DeInit                                   Drivers\STM32L4xx_HAL_Driver\Src\stm32l4xx_hal_qspi.o
HAL_QSPI_ErrorCallback                            Drivers\STM32L4xx_HAL_Driver\Src\stm32l4xx_hal_qspi.o
HAL_QSPI_FifoThresholdCallback                    Drivers\STM32L4xx_HAL_Driver\Src\stm32l4xx_hal_qspi.o
HAL_QSPI_GetError                                 Drivers\STM32L4xx_HAL_Driver\Src\stm32l4xx_hal_qspi.o
HAL_QSPI_GetFifoThreshold                         Drivers\STM32L4xx_HAL_Driver\Src\stm32l4xx_hal_qspi.o
HAL_QSPI_GetState                                 Drivers\STM32L4xx_HAL_Driver\Src\stm32l4xx_hal_qspi.o
HAL_QSPI_IRQHandler                               Drivers\STM32L4xx_HAL_Driver\Src\stm32l4xx_hal_qspi.o
HAL_QSPI_Init                                     Drivers\STM32L4xx_HAL_Driver\Src\stm32l4xx_hal_qspi.o
HAL_QSPI_MemoryMapped                             Drivers\STM32L4xx_HAL_Driver\Src\stm32l4xx_hal_qspi.o
HAL_QSPI_MspDeInit                                Drivers\STM32L4xx_HAL_Driver\Src\stm32l4xx_hal_qspi.o
HAL_QSPI_MspInit                                  Drivers\STM32L4xx_HAL_Driver\Src\stm32l4xx_hal_qspi.o
HAL_QSPI_Receive                                  Drivers\STM32L4xx_HAL_Driver\Src\stm32l4xx_hal_qspi.o
HAL_QSPI_Receive_DMA                              Drivers\STM32L4xx_HAL_Driver\Src\stm32l4xx_hal_qspi.o
HAL_QSPI_Receive_IT                               Drivers\STM32L4xx_HAL_Driver\Src\stm32l4xx_hal_qspi.o
HAL_QSPI_RxCpltCallback                           Drivers\STM32L4xx_HAL_Driver\Src\stm32l4xx_hal_qspi.o
HAL_QSPI_RxHalfCpltCallback                       Drivers\STM32L4xx_HAL_Driver\Src\stm32l4xx_hal_qspi.o
HAL_QSPI_SetFifoThreshold                         Drivers\STM32L4xx_HAL_Driver\Src\stm32l4xx_hal_qspi.o
HAL_QSPI_SetFlashID                               Drivers\STM32L4xx_HAL_Driver\Src\stm32l4xx_hal_qspi.o
HAL_QSPI_SetTimeout                               Drivers\STM32L4xx_HAL_Driver\Src\stm32l4xx_hal_qspi.o
HAL_QSPI_StatusMatchCallback                      Drivers\STM32L4xx_HAL_Driver\Src\stm32l4xx_hal_qspi.o
HAL_QSPI_TimeOutCallback                          Drivers\STM32L4xx_HAL_Driver\Src\stm32l4xx_hal_qspi.o
HAL_QSPI_Transmit                                 Drivers\STM32L4xx_HAL_Driver\Src\stm32l4xx_hal_qspi.o
HAL_QSPI_Transmit_DMA                             Drivers\STM32L4xx_HAL_Driver\Src\stm32l4xx_hal_qspi.o
HAL_QSPI_Transmit_IT                              Drivers\STM32L4xx_HAL_Driver\Src\stm32l4xx_hal_qspi.o
HAL_QSPI_TxCpltCallback                           Drivers\STM32L4xx_HAL_Driver\Src\stm32l4xx_hal_qspi.o
HAL_QSPI_TxHalfCpltCallback                       Drivers\STM32L4xx_HAL_Driver\Src\stm32l4xx_hal_qspi.o
HAL_RCCEx_CRSConfig                               Drivers\STM32L4xx_HAL_Driver\Src\stm32l4xx_hal_rcc_ex.o
HAL_RCCEx_CRSGetSynchronizationInfo               Drivers\STM32L4xx_HAL_Driver\Src\stm32l4xx_hal_rcc_ex.o
HAL_RCCEx_CRSSoftwareSynchronizationGenerate      Drivers\STM32L4xx_HAL_Driver\Src\stm32l4xx_hal_rcc_ex.o
HAL_RCCEx_CRSWaitSynchronization                  Drivers\STM32L4xx_HAL_Driver\Src\stm32l4xx_hal_rcc_ex.o
HAL_RCCEx_CRS_ErrorCallback                       Drivers\STM32L4xx_HAL_Driver\Src\stm32l4xx_hal_rcc_ex.o
HAL_RCCEx_CRS_ExpectedSyncCallback                Drivers\STM32L4xx_HAL_Driver\Src\stm32l4xx_hal_rcc_ex.o
HAL_RCCEx_CRS_IRQHandler                          Drivers\STM32L4xx_HAL_Driver\Src\stm32l4xx_hal_rcc_ex.o
HAL_RCCEx_CRS_SyncOkCallback                      Drivers\STM32L4xx_HAL_Driver\Src\stm32l4xx_hal_rcc_ex.o
HAL_RCCEx_CRS_SyncWarnCallback                    Drivers\STM32L4xx_HAL_Driver\Src\stm32l4xx_hal_rcc_ex.o
HAL_RCCEx_DisableLSCO                             Drivers\STM32L4xx_HAL_Driver\Src\stm32l4xx_hal_rcc_ex.o
HAL_RCCEx_DisableLSECSS                           Drivers\STM32L4xx_HAL_Driver\Src\stm32l4xx_hal_rcc_ex.o
HAL_RCCEx_DisableMSIPLLMode                       Drivers\STM32L4xx_HAL_Driver\Src\stm32l4xx_hal_rcc_ex.o
HAL_RCCEx_EnableLSCO                              Drivers\STM32L4xx_HAL_Driver\Src\stm32l4xx_hal_rcc_ex.o
HAL_RCCEx_EnableLSECSS                            Drivers\STM32L4xx_HAL_Driver\Src\stm32l4xx_hal_rcc_ex.o
HAL_RCCEx_EnableLSECSS_IT                         Drivers\STM32L4xx_HAL_Driver\Src\stm32l4xx_hal_rcc_ex.o
HAL_RCCEx_EnableMSIPLLMode                        Drivers\STM32L4xx_HAL_Driver\Src\stm32l4xx_hal_rcc_ex.o
HAL_RCCEx_GetPeriphCLKConfig                      Drivers\STM32L4xx_HAL_Driver\Src\stm32l4xx_hal_rcc_ex.o
HAL_RCCEx_GetPeriphCLKFreq                        Drivers\STM32L4xx_HAL_Driver\Src\stm32l4xx_hal_rcc_ex.o
HAL_RCCEx_LSECSS_Callback                         Drivers\STM32L4xx_HAL_Driver\Src\stm32l4xx_hal_rcc_ex.o
HAL_RCCEx_LSECSS_IRQHandler                       Drivers\STM32L4xx_HAL_Driver\Src\stm32l4xx_hal_rcc_ex.o
HAL_RCCEx_PeriphCLKConfig                         Drivers\STM32L4xx_HAL_Driver\Src\stm32l4xx_hal_rcc_ex.o
HAL_RCCEx_StandbyMSIRangeConfig                   Drivers\STM32L4xx_HAL_Driver\Src\stm32l4xx_hal_rcc_ex.o
HAL_RCCEx_WakeUpStopCLKConfig                     Drivers\STM32L4xx_HAL_Driver\Src\stm32l4xx_hal_rcc_ex.o
HAL_RCC_CSSCallback                               Drivers\STM32L4xx_HAL_Driver\Src\stm32l4xx_hal_rcc.o
HAL_RCC_ClockConfig                               Drivers\STM32L4xx_HAL_Driver\Src\stm32l4xx_hal_rcc.o
HAL_RCC_DeInit                                    Drivers\STM32L4xx_HAL_Driver\Src\stm32l4xx_hal_rcc.o
HAL_RCC_EnableCSS                                 Drivers\STM32L4xx_HAL_Driver\Src\stm32l4xx_hal_rcc.o
HAL_RCC_GetClockConfig                            Drivers\STM32L4xx_HAL_Driver\Src\stm32l4xx_hal_rcc.o
                                                  Drivers\STM32L4xx_HAL_Driver\Src\stm32l4xx_hal_timebase_tim_template.o
HAL_RCC_GetHCLKFreq                               Drivers\STM32L4xx_HAL_Driver\Src\stm32l4xx_hal_rcc.o
HAL_RCC_GetOscConfig                              Drivers\STM32L4xx_HAL_Driver\Src\stm32l4xx_hal_rcc.o
HAL_RCC_GetPCLK1Freq                              Drivers\STM32L4xx_HAL_Driver\Src\stm32l4xx_hal_rcc.o
                                                  Drivers\STM32L4xx_HAL_Driver\Src\stm32l4xx_hal_usart.o
                                                  Drivers\STM32L4xx_HAL_Driver\Src\stm32l4xx_hal_uart.o
                                                  Drivers\STM32L4xx_HAL_Driver\Src\stm32l4xx_hal_timebase_tim_template.o
                                                  Drivers\STM32L4xx_HAL_Driver\Src\stm32l4xx_hal_smartcard.o
                                                  Drivers\STM32L4xx_HAL_Driver\Src\stm32l4xx_hal_rcc_ex.o
                                                  Drivers\STM32L4xx_HAL_Driver\Src\stm32l4xx_hal_irda.o
HAL_RCC_GetPCLK2Freq                              Drivers\STM32L4xx_HAL_Driver\Src\stm32l4xx_hal_rcc.o
                                                  Drivers\STM32L4xx_HAL_Driver\Src\stm32l4xx_hal_usart.o
                                                  Drivers\STM32L4xx_HAL_Driver\Src\stm32l4xx_hal_uart.o
                                                  Drivers\STM32L4xx_HAL_Driver\Src\stm32l4xx_hal_smartcard.o
                                                  Drivers\STM32L4xx_HAL_Driver\Src\stm32l4xx_hal_rcc_ex.o
                                                  Drivers\STM32L4xx_HAL_Driver\Src\stm32l4xx_hal_irda.o
HAL_RCC_GetSysClockFreq                           Drivers\STM32L4xx_HAL_Driver\Src\stm32l4xx_hal_rcc.o
                                                  Drivers\STM32L4xx_HAL_Driver\Src\stm32l4xx_hal_usart.o
                                                  Drivers\STM32L4xx_HAL_Driver\Src\stm32l4xx_hal_uart.o
                                                  Drivers\STM32L4xx_HAL_Driver\Src\stm32l4xx_hal_smartcard.o
                                                  Drivers\STM32L4xx_HAL_Driver\Src\stm32l4xx_hal_rcc_ex.o
                                                  Drivers\STM32L4xx_HAL_Driver\Src\stm32l4xx_hal_irda.o
HAL_RCC_MCOConfig                                 Drivers\STM32L4xx_HAL_Driver\Src\stm32l4xx_hal_rcc.o
HAL_RCC_NMI_IRQHandler                            Drivers\STM32L4xx_HAL_Driver\Src\stm32l4xx_hal_rcc.o
HAL_RCC_OscConfig                                 Drivers\STM32L4xx_HAL_Driver\Src\stm32l4xx_hal_rcc.o
HAL_RNG_DeInit                                    Drivers\STM32L4xx_HAL_Driver\Src\stm32l4xx_hal_rng.o
HAL_RNG_ErrorCallback                             Drivers\STM32L4xx_HAL_Driver\Src\stm32l4xx_hal_rng.o
HAL_RNG_GenerateRandomNumber                      Drivers\STM32L4xx_HAL_Driver\Src\stm32l4xx_hal_rng.o
HAL_RNG_GenerateRandomNumber_IT                   Drivers\STM32L4xx_HAL_Driver\Src\stm32l4xx_hal_rng.o