core_cm4.h:1816:22:__NVIC_SetPriority	16	static
core_cm4.h:2022:26:SysTick_Config	16	static
stm32l4xx_ll_bus.h:1086:22:LL_APB1_GRP1_EnableClock	24	static
stm32l4xx_ll_bus.h:1672:22:LL_APB2_GRP1_EnableClock	24	static
stm32l4xx_ll_cortex.h:243:22:LL_SYSTICK_SetClkSource	16	static
stm32l4xx_ll_cortex.h:282:22:LL_SYSTICK_DisableIT	4	static
stm32l4xx_ll_rcc.h:2036:22:LL_RCC_HSE_EnableBypass	4	static
stm32l4xx_ll_rcc.h:2056:22:LL_RCC_HSE_Enable	4	static
stm32l4xx_ll_rcc.h:2076:26:LL_RCC_HSE_IsReady	4	static
stm32l4xx_ll_rcc.h:2740:22:LL_RCC_SetSysClkSource	16	static
stm32l4xx_ll_rcc.h:2754:26:LL_RCC_GetSysClkSource	4	static
stm32l4xx_ll_rcc.h:2774:22:LL_RCC_SetAHBPrescaler	16	static
stm32l4xx_ll_rcc.h:2790:22:LL_RCC_SetAPB1Prescaler	16	static
stm32l4xx_ll_rcc.h:2806:22:LL_RCC_SetAPB2Prescaler	16	static
stm32l4xx_ll_rcc.h:2917:22:LL_RCC_ConfigMCO	16	static
stm32l4xx_ll_rcc.h:3011:22:LL_RCC_SetI2CClockSource	24	static
stm32l4xx_ll_rcc.h:3731:22:LL_RCC_PLL_Enable	4	static
stm32l4xx_ll_rcc.h:3752:26:LL_RCC_PLL_IsReady	4	static
stm32l4xx_ll_rcc.h:3798:22:LL_RCC_PLL_ConfigDomain_SYS	24	static
stm32l4xx_ll_rcc.h:4176:22:LL_RCC_PLL_EnableDomain_SYS	4	static
stm32l4xx_ll_system.h:1400:22:LL_FLASH_SetLatency	16	static
Periph_Init.c:18:6:SystemClock_Config	8	static
