stm32l4xx_ll_i2c.h:750:22:LL_I2C_SetMasterAddressingMode	16	static
stm32l4xx_ll_i2c.h:1511:26:LL_I2C_IsActiveFlag_TXE	16	static
stm32l4xx_ll_i2c.h:1524:26:LL_I2C_IsActiveFlag_TXIS	16	static
stm32l4xx_ll_i2c.h:1537:26:LL_I2C_IsActiveFlag_RXNE	16	static
stm32l4xx_ll_i2c.h:1563:26:LL_I2C_IsActiveFlag_NACK	16	static
stm32l4xx_ll_i2c.h:1589:26:LL_I2C_IsActiveFlag_TC	16	static
stm32l4xx_ll_i2c.h:1733:22:LL_I2C_ClearFlag_STOP	16	static
stm32l4xx_ll_i2c.h:1838:22:LL_I2C_EnableAutoEndMode	16	static
stm32l4xx_ll_i2c.h:1909:22:LL_I2C_SetTransferSize	16	static
stm32l4xx_ll_i2c.h:1948:22:LL_I2C_GenerateStartCondition	16	static
stm32l4xx_ll_i2c.h:1959:22:LL_I2C_GenerateStopCondition	16	static
stm32l4xx_ll_i2c.h:2010:22:LL_I2C_SetTransferRequest	16	static
stm32l4xx_ll_i2c.h:2036:22:LL_I2C_SetSlaveAddr	16	static
stm32l4xx_ll_i2c.h:2172:25:LL_I2C_ReceiveData8	16	static
stm32l4xx_ll_i2c.h:2184:22:LL_I2C_TransmitData8	16	static
tm_I2C.c:17:6:I2C_SetSlaveAddress	16	static
tm_I2C.c:21:6:I2C_Start	16	static
tm_I2C.c:25:6:I2C_Stop	16	static
tm_I2C.c:29:6:I2C_InitConfig	16	static
tm_I2C.c:34:6:I2C_WriteByte	16	static
tm_I2C.c:40:9:I2C_ReadByte	16	static
tm_I2C.c:47:12:I2C_SendData	32	static
tm_I2C.c:68:12:I2C_ReadData	40	static
tm_I2C.c:90:12:I2C_SendOneByte	16	static
tm_I2C.c:110:9:I2C_ReadOneByte	16	static
